Archive member included to satisfy reference by file (symbol)

/opt/devkitpro/libctru/lib/libctru.a(gfx.o)
                              main.o (gfxSetScreenFormat)
/opt/devkitpro/libctru/lib/libctru.a(os.o)
                              main.o (osGetTime)
/opt/devkitpro/libctru/lib/libctru.a(apt.o)
                              main.o (aptMainLoop)
/opt/devkitpro/libctru/lib/libctru.a(gspgpu.o)
                              /opt/devkitpro/libctru/lib/libctru.a(gfx.o) (gspInit)
/opt/devkitpro/libctru/lib/libctru.a(hid.o)
                              main.o (hidScanInput)
/opt/devkitpro/libctru/lib/libctru.a(irrst.o)
                              /opt/devkitpro/libctru/lib/libctru.a(hid.o) (irrstInit)
/opt/devkitpro/libctru/lib/libctru.a(mic.o)
                              main.o (micExit)
/opt/devkitpro/libctru/lib/libctru.a(ptmsysm.o)
                              /opt/devkitpro/libctru/lib/libctru.a(os.o) (ptmSysmInit)
/opt/devkitpro/libctru/lib/libctru.a(ctru_init.o)
                              /opt/devkitpro/libctru/lib/libctru.a(apt.o) (__system_retAddr)
/opt/devkitpro/libctru/lib/libctru.a(initArgv.o)
                              /opt/devkitpro/libctru/lib/libctru.a(ctru_init.o) (__system_initArgv)
/opt/devkitpro/libctru/lib/libctru.a(syscalls.o)
                              /opt/devkitpro/libctru/lib/libctru.a(ctru_init.o) (__system_initSyscalls)
/opt/devkitpro/libctru/lib/libctru.a(svc.o)
                              main.o (svcSleepThread)
/opt/devkitpro/libctru/lib/libctru.a(stack_adjust.o)
                              /opt/devkitpro/devkitARM/lib/gcc/arm-none-eabi/15.2.0/../../../../arm-none-eabi/lib/armv6k/fpu/3dsx_crt0.o (initSystem)
/opt/devkitpro/libctru/lib/libctru.a(linear.o)
                              /opt/devkitpro/libctru/lib/libctru.a(gfx.o) (linearAlloc)
/opt/devkitpro/libctru/lib/libctru.a(mem_pool.o)
                              /opt/devkitpro/libctru/lib/libctru.a(linear.o) (_ZN7MemPool8AllocateER8MemChunkmi)
/opt/devkitpro/libctru/lib/libctru.a(vram.o)
                              /opt/devkitpro/libctru/lib/libctru.a(gfx.o) (vramAlloc)
/opt/devkitpro/libctru/lib/libctru.a(3dslink.o)
                              /opt/devkitpro/libctru/lib/libctru.a(initArgv.o) (__3dslink_host)
/opt/devkitpro/libctru/lib/libctru.a(env.o)
                              /opt/devkitpro/libctru/lib/libctru.a(irrst.o) (envGetHandle)
/opt/devkitpro/libctru/lib/libctru.a(srv.o)
                              /opt/devkitpro/libctru/lib/libctru.a(apt.o) (srvInit)
/opt/devkitpro/libctru/lib/libctru.a(synchronization.o)
                              /opt/devkitpro/libctru/lib/libctru.a(ctru_init.o) (__sync_init)
/opt/devkitpro/libctru/lib/libctru.a(thread.o)
                              /opt/devkitpro/libctru/lib/libctru.a(apt.o) (threadCreate)
/opt/devkitpro/libctru/lib/libctru.a(mappable.o)
                              /opt/devkitpro/libctru/lib/libctru.a(apt.o) (mappableAlloc)
/opt/devkitpro/libctru/lib/libctru.a(srvpm.o)
                              /opt/devkitpro/libctru/lib/libctru.a(srv.o) (srvPmGetSessionHandle)
/opt/devkitpro/libctru/lib/libctru.a(soc_connect.o)
                              /opt/devkitpro/libctru/lib/libctru.a(3dslink.o) (connect)
/opt/devkitpro/libctru/lib/libctru.a(soc_socket.o)
                              /opt/devkitpro/libctru/lib/libctru.a(3dslink.o) (socket)
/opt/devkitpro/libctru/lib/libctru.a(rbtree_find.o)
                              /opt/devkitpro/libctru/lib/libctru.a(linear.o) (rbtree_find)
/opt/devkitpro/libctru/lib/libctru.a(rbtree_init.o)
                              /opt/devkitpro/libctru/lib/libctru.a(linear.o) (rbtree_init)
/opt/devkitpro/libctru/lib/libctru.a(rbtree_insert.o)
                              /opt/devkitpro/libctru/lib/libctru.a(linear.o) (rbtree_insert)
/opt/devkitpro/libctru/lib/libctru.a(rbtree_remove.o)
                              /opt/devkitpro/libctru/lib/libctru.a(linear.o) (rbtree_remove)
/opt/devkitpro/libctru/lib/libctru.a(rbtree_rotate.o)
                              /opt/devkitpro/libctru/lib/libctru.a(rbtree_insert.o) (rbtree_rotate)
/opt/devkitpro/libctru/lib/libctru.a(allocateHeaps.o)
                              /opt/devkitpro/libctru/lib/libctru.a(ctru_init.o) (__system_allocateHeaps)
/opt/devkitpro/libctru/lib/libctru.a(appExit.o)
                              /opt/devkitpro/libctru/lib/libctru.a(stack_adjust.o) (__appExit)
/opt/devkitpro/libctru/lib/libctru.a(appInit.o)
                              /opt/devkitpro/libctru/lib/libctru.a(stack_adjust.o) (__appInit)
/opt/devkitpro/libctru/lib/libctru.a(ctru_exit.o)
                              /opt/devkitpro/libctru/lib/libctru.a(stack_adjust.o) (__libctru_exit)
/opt/devkitpro/libctru/lib/libctru.a(archive_dev.o)
                              /opt/devkitpro/libctru/lib/libctru.a(appInit.o) (archiveMountSdmc)
/opt/devkitpro/libctru/lib/libctru.a(path_buf.o)
                              /opt/devkitpro/libctru/lib/libctru.a(archive_dev.o) (__ctru_dev_utf16_buf)
[...]
Memory Configuration

Name             Origin             Length             Attributes
*default*        0x00000000         0xffffffff

Linker script and memory map

                0x00000000                        __sync_synchronize = __sync_synchronize_dmb
                0x00100000                        PROVIDE (__start__ = 0x100000)
                0x00100000                        . = __start__

.text           0x00100000    0x2dc20
 *(.crt0)
 .crt0          0x00100000       0x94 /opt/devkitpro/devkitARM/lib/gcc/arm-none-eabi/15.2.0/../../../../arm-none-eabi/lib/armv6k/fpu/3dsx_crt0.o
                0x00100000                _start
                0x00100008                __service_ptr
                0x0010000c                __apt_appid
                0x00100010                __heap_size
                0x00100014                __linear_heap_size
                0x00100018                __system_arglist
                0x0010001c                __system_runflags
 *(.init)
 .init          0x00100094        0xc /opt/devkitpro/devkitARM/lib/gcc/arm-none-eabi/15.2.0/armv6k/fpu/crti.o
                0x00100094                _init
 .init          0x001000a0        0xc /opt/devkitpro/devkitARM/lib/gcc/arm-none-eabi/15.2.0/armv6k/fpu/crtn.o
                0x001000ac                        . = ALIGN (0x4)
 *(.text)
 .text          0x001000ac      0x240 /opt/devkitpro/devkitARM/lib/gcc/arm-none-eabi/15.2.0/armv6k/fpu/libgcc.a(_divsi3.o)
                0x001000ac                __aeabi_idiv
                0x001000ac                __divsi3
                0x001002cc                __aeabi_idivmod
 .text          0x001002ec        0x4 /opt/devkitpro/devkitARM/lib/gcc/arm-none-eabi/15.2.0/armv6k/fpu/libgcc.a(_dvmd_tls.o)
                0x001002ec                __aeabi_ldiv0
                0x001002ec                __aeabi_idiv0
 .text          0x001002f0      0x3c0 /opt/devkitpro/devkitARM/lib/gcc/arm-none-eabi/15.2.0/armv6k/fpu/libgcc.a(_arm_addsubdf3.o)
                0x001002f0                __aeabi_drsub
                0x001002f8                __subdf3
                0x001002f8                __aeabi_dsub
                0x001002fc                __aeabi_dadd
                0x001002fc                __adddf3
                0x001005a8                __aeabi_ui2d
                0x001005a8                __floatunsidf
                0x001005cc                __floatsidf
                0x001005cc                __aeabi_i2d
                0x001005f4                __extendsfdf2
                0x001005f4                __aeabi_f2d
                0x0010063c                __aeabi_ul2d
                0x0010063c                __floatundidf
                0x00100650                __aeabi_l2d
                0x00100650                __floatdidf
 .text          0x001006b0      0x250 /opt/devkitpro/devkitARM/lib/gcc/arm-none-eabi/15.2.0/armv6k/fpu/libgcc.a(_arm_addsubsf3.o)
                0x001006b0                __aeabi_frsub
                0x001006b8                __aeabi_fsub
                0x001006b8                __subsf3
                0x001006bc                __aeabi_fadd
                0x001006bc                __addsf3
                0x0010084c                __aeabi_ui2f
                0x0010084c                __floatunsisf
                0x00100854                __floatsisf
                0x00100854                __aeabi_i2f
                0x00100874                __aeabi_ul2f
                0x00100874                __floatundisf
                0x00100884                __aeabi_l2f
                0x00100884                __floatdisf
 .text          0x00100900       0xd4 /opt/devkitpro/devkitARM/lib/gcc/arm-none-eabi/15.2.0/armv6k/fpu/libgcc.a(_aeabi_ldivmod.o)
                0x00100900                __aeabi_ldivmod
 .text          0x001009d4       0x3c /opt/devkitpro/devkitARM/lib/gcc/arm-none-eabi/15.2.0/armv6k/fpu/libgcc.a(_aeabi_uldivmod.o)
                0x001009d4                __aeabi_uldivmod
 .text          0x00100a10      0x1a8 /opt/devkitpro/devkitARM/lib/gcc/arm-none-eabi/15.2.0/armv6k/fpu/libgcc.a(libunwind.o)
                0x00100a10                __restore_core_regs
                0x00100a10                restore_core_regs
                0x00100a24                __gnu_Unwind_Restore_VFP
                0x00100a2c                __gnu_Unwind_Save_VFP
                0x00100a34                __gnu_Unwind_Restore_VFP_D
                0x00100a3c                __gnu_Unwind_Save_VFP_D
                0x00100a44                __gnu_Unwind_Restore_VFP_D_16_to_31
                0x00100a4c                __gnu_Unwind_Save_VFP_D_16_to_31
                0x00100a54                __gnu_Unwind_Restore_WMMXD
                0x00100a98                __gnu_Unwind_Save_WMMXD
                0x00100adc                __gnu_Unwind_Restore_WMMXC
                0x00100af0                __gnu_Unwind_Save_WMMXC
                0x00100b04                _Unwind_RaiseException
                0x00100b04                ___Unwind_RaiseException
                0x00100b28                ___Unwind_Resume
                0x00100b28                _Unwind_Resume
                0x00100b4c                ___Unwind_Resume_or_Rethrow
                0x00100b4c                _Unwind_Resume_or_Rethrow
                0x00100b70                _Unwind_ForcedUnwind
                0x00100b70                ___Unwind_ForcedUnwind
                0x00100b94                _Unwind_Backtrace
                0x00100b94                ___Unwind_Backtrace
 *fill*         0x00100bb8        0x8 
 .text          0x00100bc0      0x390 /opt/devkitpro/devkitARM/lib/gcc/arm-none-eabi/15.2.0/../../../../arm-none-eabi/lib/armv6k/fpu/libg.a(libc_a-strcmp.o)
                0x00100bc8                strcmp
 .text          0x00100f50      0x20c /opt/devkitpro/devkitARM/lib/gcc/arm-none-eabi/15.2.0/armv6k/fpu/libgcc.a(_udivsi3.o)
                0x00100f50                __udivsi3
                0x00100f50                __aeabi_uidiv
                0x0010113c                __aeabi_uidivmod
 *(.text.*)
 .text.__do_global_dtors_aux
                0x0010115c       0x50 /opt/devkitpro/devkitARM/lib/gcc/arm-none-eabi/15.2.0/armv6k/fpu/crtbegin.o
 .text.frame_dummy
                0x001011ac       0x2c /opt/devkitpro/devkitARM/lib/gcc/arm-none-eabi/15.2.0/armv6k/fpu/crtbegin.o
 .text._ZN12_GLOBAL__N_1L8putPixelEPhiiiNS_5ColorE
                0x001011d8       0x40 main.o
 .text._ZN12_GLOBAL__N_1L9drawBrushERSt5arrayIhLj4096EEiiih
                0x00101218       0x98 main.o
 .text._ZN12_GLOBAL__N_1L10lineSpriteERSt5arrayIhLj4096EEiiiihi
                0x001012b0       0xc0 main.o
 .text._ZSt4swapIN12_GLOBAL__N_15FrameEENSt9enable_ifIXsrSt6__and_IJSt6__not_ISt15__is_tuple_likeIT_EESt21is_move_constructibleIS6_ESt18is_move_assignableIS6_EEE5valueEvE4typeERS6_SG_
                0x00101370       0x54 main.o
 .text._ZN12_GLOBAL__N_1L24stopMicRecordingForFrameEv.part.0
                0x001013c4      0x114 main.o
 .text.exit._ZNSt12_Vector_baseIN12_GLOBAL__N_18SnapshotESaIS1_EED2Ev.isra.0
                0x001014d8       0x10 main.o
 .text._ZN12_GLOBAL__N_1L8copyFileERKNSt7__cxx1112basic_stringIcSt11char_traitsIcESaIcEEES7_.isra.0
                0x001014e8       0xac main.o
 .text._ZNSt6vectorIN12_GLOBAL__N_18SnapshotESaIS1_EE17_M_realloc_appendIJRKS1_EEEvDpOT_
                0x00101594       0xcc main.o
 .text._ZN12_GLOBAL__N_1L6doRedoEv
                0x00101660       0xa0 main.o
 .text._ZN12_GLOBAL__N_1L8pushUndoEv
                0x00101700       0xc4 main.o
 .text._ZN12_GLOBAL__N_1L6doUndoEv
                0x001017c4       0xa0 main.o
 .text._ZNSt6vectorIN12_GLOBAL__N_15FrameESaIS1_EE6insertEN9__gnu_cxx17__normal_iteratorIPKS1_S3_EERS6_.constprop.0
                0x00101864      0x264 main.o
 .text._ZNSt6vectorIN12_GLOBAL__N_15FrameESaIS1_EE17_M_default_appendEj
                0x00101ac8      0x1e4 main.o
 .text._ZNSt6vectorIN12_GLOBAL__N_15FrameESaIS1_EE6resizeEj
                0x00101cac       0x48 main.o
 .text._ZN12_GLOBAL__N_1L4textEPhiiiRKNSt7__cxx1112basic_stringIcSt11char_traitsIcESaIcEEENS_5ColorEi.isra.0
                0x00101cf4      0x5d0 main.o
 .text._ZN12_GLOBAL__N_1L18exportGifCompanionEv
                0x001022c4      0x46c main.o
 .text._ZNSt6vectorIN12_GLOBAL__N_111ProjectPageESaIS1_EE17_M_realloc_appendIJRKS1_EEEvDpOT_.constprop.0
                0x00102730      0x190 main.o
 .text._ZNSt6vectorIN12_GLOBAL__N_15FrameESaIS1_EEaSERKS3_.isra.0
                0x001028c0      0x144 main.o
 .text._ZN12_GLOBAL__N_1L11roundedRectEPhiiiiiiNS_5ColorE
                0x00102a04      0x190 main.o
 .text._ZN12_GLOBAL__N_1L5panelEPhiiiii
                0x00102b94       0xf8 main.o
 .text._ZN12_GLOBAL__N_1L8initAnimEv
                0x00102c8c      0x2c0 main.o
 .text._ZN12_GLOBAL__N_1L13initDemoLevelEv
                0x00102f4c      0x178 main.o
 .text._ZN12_GLOBAL__N_1L9vGradientEPhiiiiiNS_5ColorES1_.constprop.0
                0x001030c4      0x120 main.o
 .text._ZN12_GLOBAL__N_1L9solidAtPxEff
                0x001031e4       0x7c main.o
 .text._ZN12_GLOBAL__N_1L18loadPageIntoFramesEi
                0x00103260       0xd8 main.o
 .text._ZN12_GLOBAL__N_1L8slotPathEi
                0x00103338      0x198 main.o
 .text._ZN12_GLOBAL__N_1L19refreshSaveSlotInfoEv
                0x001034d0      0x1fc main.o
 .text._ZN12_GLOBAL__N_1L14slotBackupPathEi
                0x001036cc      0x198 main.o
 .text._ZN12_GLOBAL__N_1L18drawGameplayBottomEv
                0x00103864      0x81c main.o
 .text._ZN12_GLOBAL__N_1L11saveProjectEi.constprop.0
                0x00104080      0x488 main.o
 .text._ZN12_GLOBAL__N_1L12drawSettingsEv
                0x00104508      0x908 main.o
 .text._ZN12_GLOBAL__N_1L12drawLevelTopEv
                0x00104e10      0xb34 main.o
 .text._ZN12_GLOBAL__N_1L16drawSpriteBottomEv
                0x00105944      0xe00 main.o
 .text._ZN12_GLOBAL__N_1L13drawSpriteTopEv
                0x00106744     0x120c main.o
 .text._ZN12_GLOBAL__N_1L14drawAnimStudioEv
                0x00107950     0x15d4 main.o
 .text._ZN12_GLOBAL__N_1L15drawStartScreenEv
                0x00108f24      0xed8 main.o
 *fill*         0x00109dfc        0x4 
 .text._ZN12_GLOBAL__N_1L19loadProjectFromPathEP7__sFILE
                0x00109e00      0xb30 main.o
 .text._ZN12_GLOBAL__N_1L15drawGameplayTopEv
                0x0010a930      0xf48 main.o
 .text._ZN12_GLOBAL__N_1L16handleStartInputEm13touchPosition
                0x0010b878      0x678 main.o
 .text._ZNSt6vectorISt4pairIiiESaIS1_EE17_M_realloc_appendIJiRiEEEvDpOT_
                0x0010bef0       0xe0 main.o
                0x0010bef0                _ZNSt6vectorISt4pairIiiESaIS1_EE17_M_realloc_appendIJiRiEEEvDpOT_
 .text._ZNSt6vectorISt4pairIiiESaIS1_EE17_M_realloc_appendIJRiiEEEvDpOT_
                0x0010bfd0       0xe0 main.o
                0x0010bfd0                _ZNSt6vectorISt4pairIiiESaIS1_EE17_M_realloc_appendIJRiiEEEvDpOT_
 .text.startup.main
                0x0010c0b0     0x2948 main.o
                0x0010c0b0                main
 .text.startup._GLOBAL__sub_I_main
                0x0010e9f8      0x19c main.o
 .text.exit._GLOBAL__sub_D_main
                0x0010eb94       0x88 main.o
 .text.gfxPresentFramebuffer
                0x0010ec1c       0xcc /opt/devkitpro/libctru/lib/libctru.a(gfx.o)
 .text.gfxSetScreenFormat
                0x0010ece8       0xf8 /opt/devkitpro/libctru/lib/libctru.a(gfx.o)
                0x0010ece8                gfxSetScreenFormat
 .text.gfxSetDoubleBuffering
                0x0010ede0       0x10 /opt/devkitpro/libctru/lib/libctru.a(gfx.o)
                0x0010ede0                gfxSetDoubleBuffering
 .text.gfxInit  0x0010edf0       0xd8 /opt/devkitpro/libctru/lib/libctru.a(gfx.o)
                0x0010edf0                gfxInit
 .text.gfxInitDefault
                0x0010eec8       0x10 /opt/devkitpro/libctru/lib/libctru.a(gfx.o)
                0x0010eec8                gfxInitDefault
 .text.gfxExit  0x0010eed8       0xb8 /opt/devkitpro/libctru/lib/libctru.a(gfx.o)
                0x0010eed8                gfxExit
 .text.gfxGetFramebuffer
                0x0010ef90       0xa0 /opt/devkitpro/libctru/lib/libctru.a(gfx.o)
                0x0010ef90                gfxGetFramebuffer
 .text.gfxFlushBuffers
                0x0010f030      0x100 /opt/devkitpro/libctru/lib/libctru.a(gfx.o)
                0x0010f030                gfxFlushBuffers
 .text.gfxSwapBuffers
                0x0010f130       0x50 /opt/devkitpro/libctru/lib/libctru.a(gfx.o)
                0x0010f130                gfxSwapBuffers
 .text.osGetTimeRef
                0x0010f180       0x54 /opt/devkitpro/libctru/lib/libctru.a(os.o)
                0x0010f180                osGetTimeRef
 .text.osGetTime
                0x0010f1d4       0xec /opt/devkitpro/libctru/lib/libctru.a(os.o)
                0x0010f1d4                osGetTime
 .text.__ctru_speedup_config
                0x0010f2c0       0x34 /opt/devkitpro/libctru/lib/libctru.a(os.o)
                0x0010f2c0                __ctru_speedup_config
 .text.aptConvertScreenForCapture
                0x0010f2f4      0x180 /opt/devkitpro/libctru/lib/libctru.a(apt.o)
 .text.aptDspSleep
                0x0010f474        0x8 /opt/devkitpro/libctru/lib/libctru.a(apt.o)
                0x0010f474                aptDspSleep
 .text.aptDspWakeup
                0x0010f47c        0x4 /opt/devkitpro/libctru/lib/libctru.a(apt.o)
                0x0010f47c                aptDspWakeup
 .text.aptDspCancel
                0x0010f480        0x4 /opt/devkitpro/libctru/lib/libctru.a(apt.o)
                0x0010f480                aptDspCancel
 .text.aptSendCommand
                0x0010f484      0x138 /opt/devkitpro/libctru/lib/libctru.a(apt.o)
                0x0010f484                aptSendCommand
 *fill*         0x0010f5bc        0x4 
 .text.aptExitProcess
                0x0010f5c0       0x44 /opt/devkitpro/libctru/lib/libctru.a(apt.o)
 .text.aptExit  0x0010f604      0x394 /opt/devkitpro/libctru/lib/libctru.a(apt.o)
                0x0010f604                aptExit
 .text.aptHandleSleep
                0x0010f998       0xd8 /opt/devkitpro/libctru/lib/libctru.a(apt.o)
                0x0010f998                aptHandleSleep
 .text.APT_SleepIfShellClosed
                0x0010fa70       0x84 /opt/devkitpro/libctru/lib/libctru.a(apt.o)
                0x0010fa70                APT_SleepIfShellClosed
 .text.aptSetSleepAllowed
                0x0010faf4       0x78 /opt/devkitpro/libctru/lib/libctru.a(apt.o)
                0x0010faf4                aptSetSleepAllowed
 .text.APT_UnlockTransition
                0x0010fb6c       0x84 /opt/devkitpro/libctru/lib/libctru.a(apt.o)
                0x0010fb6c                APT_UnlockTransition
 .text.aptEventHandler
                0x0010fbf0      0x470 /opt/devkitpro/libctru/lib/libctru.a(apt.o)
 .text.APT_ReceiveParameter
                0x00110060       0xbc /opt/devkitpro/libctru/lib/libctru.a(apt.o)
                0x00110060                APT_ReceiveParameter
 .text.aptReceiveParameter.constprop.0
                0x0011011c       0xb0 /opt/devkitpro/libctru/lib/libctru.a(apt.o)
 *fill*         0x001101cc        0x4 
 .text.aptScreenTransfer
                0x001101d0      0x294 /opt/devkitpro/libctru/lib/libctru.a(apt.o)
 .text.aptWaitForWakeUp.isra.0
                0x00110464      0x2d0 /opt/devkitpro/libctru/lib/libctru.a(apt.o)
 .text.aptJumpToHomeMenu
                0x00110734       0xf4 /opt/devkitpro/libctru/lib/libctru.a(apt.o)
                0x00110734                aptJumpToHomeMenu
 .text.aptMainLoop
                0x00110828       0x58 /opt/devkitpro/libctru/lib/libctru.a(apt.o)
                0x00110828                aptMainLoop
 .text.aptInit  0x00110880      0x240 /opt/devkitpro/libctru/lib/libctru.a(apt.o)
                0x00110880                aptInit
 .text.APT_CheckNew3DS
                0x00110ac0       0x90 /opt/devkitpro/libctru/lib/libctru.a(apt.o)
                0x00110ac0                APT_CheckNew3DS
 .text.gspHardwareInit
                0x00110b50      0xc70 /opt/devkitpro/libctru/lib/libctru.a(gspgpu.o)
 .text.gspInit  0x001117c0      0x288 /opt/devkitpro/libctru/lib/libctru.a(gspgpu.o)
                0x001117c0                gspInit
 .text.gspExit  0x00111a48      0x104 /opt/devkitpro/libctru/lib/libctru.a(gspgpu.o)
                0x00111a48                gspExit
 .text.gspHasGpuRight
                0x00111b4c       0x10 /opt/devkitpro/libctru/lib/libctru.a(gspgpu.o)
                0x00111b4c                gspHasGpuRight
 .text.gspPresentBuffer
                0x00111b5c       0xa4 /opt/devkitpro/libctru/lib/libctru.a(gspgpu.o)
                0x00111b5c                gspPresentBuffer
 .text.gspWaitForEvent
                0x00111c00       0x50 /opt/devkitpro/libctru/lib/libctru.a(gspgpu.o)
                0x00111c00                gspWaitForEvent
 .text.gxCmdQueueInterrupt
                0x00111c50        0x4 /opt/devkitpro/libctru/lib/libctru.a(gspgpu.o)
                0x00111c50                gxCmdQueueInterrupt
 .text.gspEventThreadMain
                0x00111c54      0x154 /opt/devkitpro/libctru/lib/libctru.a(gspgpu.o)
 .text.GSPGPU_FlushDataCache
                0x00111da8       0x50 /opt/devkitpro/libctru/lib/libctru.a(gspgpu.o)
                0x00111da8                GSPGPU_FlushDataCache
 .text.GSPGPU_SetLcdForceBlack
                0x00111df8       0x34 /opt/devkitpro/libctru/lib/libctru.a(gspgpu.o)
                0x00111df8                GSPGPU_SetLcdForceBlack
 .text.GSPGPU_AcquireRight
                0x00111e2c       0x84 /opt/devkitpro/libctru/lib/libctru.a(gspgpu.o)
                0x00111e2c                GSPGPU_AcquireRight
 .text.GSPGPU_ReleaseRight
                0x00111eb0       0x64 /opt/devkitpro/libctru/lib/libctru.a(gspgpu.o)
                0x00111eb0                GSPGPU_ReleaseRight
 .text.GSPGPU_ImportDisplayCaptureInfo
                0x00111f14       0x7c /opt/devkitpro/libctru/lib/libctru.a(gspgpu.o)
                0x00111f14                GSPGPU_ImportDisplayCaptureInfo
 .text.GSPGPU_SaveVramSysArea
                0x00111f90       0x2c /opt/devkitpro/libctru/lib/libctru.a(gspgpu.o)
                0x00111f90                GSPGPU_SaveVramSysArea
 .text.GSPGPU_RestoreVramSysArea
                0x00111fbc       0x2c /opt/devkitpro/libctru/lib/libctru.a(gspgpu.o)
                0x00111fbc                GSPGPU_RestoreVramSysArea
 .text.hidShouldUseIrrst
                0x00111fe8       0x24 /opt/devkitpro/libctru/lib/libctru.a(hid.o)
                0x00111fe8                hidShouldUseIrrst
 .text.hidInit  0x0011200c      0x1cc /opt/devkitpro/libctru/lib/libctru.a(hid.o)
                0x0011200c                hidInit
 .text.hidExit  0x001121d8       0xe8 /opt/devkitpro/libctru/lib/libctru.a(hid.o)
                0x001121d8                hidExit
 .text.hidScanInput
                0x001122c0      0x2a0 /opt/devkitpro/libctru/lib/libctru.a(hid.o)
                0x001122c0                hidScanInput
 .text.hidKeysHeld
                0x00112560       0x10 /opt/devkitpro/libctru/lib/libctru.a(hid.o)
                0x00112560                hidKeysHeld
 .text.hidKeysDown
                0x00112570       0x10 /opt/devkitpro/libctru/lib/libctru.a(hid.o)
                0x00112570                hidKeysDown
 .text.hidKeysUp
                0x00112580       0x10 /opt/devkitpro/libctru/lib/libctru.a(hid.o)
                0x00112580                hidKeysUp
 .text.hidTouchRead
                0x00112590       0x18 /opt/devkitpro/libctru/lib/libctru.a(hid.o)
                0x00112590                hidTouchRead
 .text.hidCircleRead
                0x001125a8       0x18 /opt/devkitpro/libctru/lib/libctru.a(hid.o)
                0x001125a8                hidCircleRead
 .text.irrstInit
                0x001125c0      0x1a4 /opt/devkitpro/libctru/lib/libctru.a(irrst.o)
                0x001125c0                irrstInit
 .text.irrstExit
                0x00112764       0xdc /opt/devkitpro/libctru/lib/libctru.a(irrst.o)
                0x00112764                irrstExit
 .text.irrstScanInput
                0x00112840       0xb4 /opt/devkitpro/libctru/lib/libctru.a(irrst.o)
                0x00112840                irrstScanInput
 .text.irrstKeysHeld
                0x001128f4       0x24 /opt/devkitpro/libctru/lib/libctru.a(irrst.o)
                0x001128f4                irrstKeysHeld
 .text.micExit  0x00112918      0x104 /opt/devkitpro/libctru/lib/libctru.a(mic.o)
                0x00112918                micExit
 .text.micInit  0x00112a1c      0x138 /opt/devkitpro/libctru/lib/libctru.a(mic.o)
                0x00112a1c                micInit
 .text.micGetLastSampleOffset
                0x00112b54       0x28 /opt/devkitpro/libctru/lib/libctru.a(mic.o)
                0x00112b54                micGetLastSampleOffset
 .text.MICU_StartSampling
                0x00112b7c       0x48 /opt/devkitpro/libctru/lib/libctru.a(mic.o)
                0x00112b7c                MICU_StartSampling
 .text.MICU_StopSampling
                0x00112bc4       0x2c /opt/devkitpro/libctru/lib/libctru.a(mic.o)
                0x00112bc4                MICU_StopSampling
 .text.MICU_SetGain
                0x00112bf0       0x34 /opt/devkitpro/libctru/lib/libctru.a(mic.o)
                0x00112bf0                MICU_SetGain
 .text.MICU_SetPower
                0x00112c24       0x34 /opt/devkitpro/libctru/lib/libctru.a(mic.o)
                0x00112c24                MICU_SetPower
 .text.ptmSysmInit
                0x00112c58       0x78 /opt/devkitpro/libctru/lib/libctru.a(ptmsysm.o)
                0x00112c58                ptmSysmInit
 .text.ptmSysmExit
                0x00112cd0       0x3c /opt/devkitpro/libctru/lib/libctru.a(ptmsysm.o)
                0x00112cd0                ptmSysmExit
 .text.PTMSYSM_ConfigureNew3DSCPU
                0x00112d0c       0x34 /opt/devkitpro/libctru/lib/libctru.a(ptmsysm.o)
                0x00112d0c                PTMSYSM_ConfigureNew3DSCPU
 .text.__libctru_init
                0x00112d40       0x38 /opt/devkitpro/libctru/lib/libctru.a(ctru_init.o)
                0x00112d40                __libctru_init
 .text.__system_initArgv
                0x00112d78      0x16c /opt/devkitpro/libctru/lib/libctru.a(initArgv.o)
                0x00112d78                __system_initArgv
 .text.__syscall_getreent
                0x00112ee4       0x30 /opt/devkitpro/libctru/lib/libctru.a(syscalls.o)
                0x00112ee4                __syscall_getreent
 .text.__syscall_lock_acquire
                0x00112f14        0x4 /opt/devkitpro/libctru/lib/libctru.a(syscalls.o)
                0x00112f14                __syscall_lock_acquire
 .text.__syscall_lock_release
                0x00112f18        0x4 /opt/devkitpro/libctru/lib/libctru.a(syscalls.o)
                0x00112f18                __syscall_lock_release
 .text.__syscall_lock_acquire_recursive
                0x00112f1c        0x4 /opt/devkitpro/libctru/lib/libctru.a(syscalls.o)
                0x00112f1c                __syscall_lock_acquire_recursive
 .text.__syscall_lock_release_recursive
                0x00112f20        0x4 /opt/devkitpro/libctru/lib/libctru.a(syscalls.o)
                0x00112f20                __syscall_lock_release_recursive
 .text.__syscall_exit
                0x00112f24        0x4 /opt/devkitpro/libctru/lib/libctru.a(syscalls.o)
                0x00112f24                __syscall_exit
 .text.initThreadVars
                0x00112f28       0x54 /opt/devkitpro/libctru/lib/libctru.a(syscalls.o)
                0x00112f28                initThreadVars
 .text.__system_initSyscalls
                0x00112f7c       0x80 /opt/devkitpro/libctru/lib/libctru.a(syscalls.o)
                0x00112f7c                __system_initSyscalls
 .text.svcControlMemory
                0x00112ffc       0x20 /opt/devkitpro/libctru/lib/libctru.a(svc.o)
                0x00112ffc                svcControlMemory
 .text.svcQueryMemory
                0x0011301c       0x30 /opt/devkitpro/libctru/lib/libctru.a(svc.o)
                0x0011301c                svcQueryMemory
 .text.svcExitProcess
                0x0011304c        0x8 /opt/devkitpro/libctru/lib/libctru.a(svc.o)
                0x0011304c                svcExitProcess
 .text.svcCreateThread
                0x00113054       0x20 /opt/devkitpro/libctru/lib/libctru.a(svc.o)
                0x00113054                svcCreateThread
 .text.svcExitThread
                0x00113074        0x8 /opt/devkitpro/libctru/lib/libctru.a(svc.o)
                0x00113074                svcExitThread
 .text.svcSleepThread
                0x0011307c        0x8 /opt/devkitpro/libctru/lib/libctru.a(svc.o)
                0x0011307c                svcSleepThread
 .text.svcReleaseMutex
                0x00113084        0x8 /opt/devkitpro/libctru/lib/libctru.a(svc.o)
                0x00113084                svcReleaseMutex
 .text.svcCreateEvent
                0x0011308c       0x14 /opt/devkitpro/libctru/lib/libctru.a(svc.o)
                0x0011308c                svcCreateEvent
 .text.svcSignalEvent
                0x001130a0        0x8 /opt/devkitpro/libctru/lib/libctru.a(svc.o)
                0x001130a0                svcSignalEvent
 .text.svcClearEvent
                0x001130a8        0x8 /opt/devkitpro/libctru/lib/libctru.a(svc.o)
                0x001130a8                svcClearEvent
 .text.svcCreateMemoryBlock
                0x001130b0       0x18 /opt/devkitpro/libctru/lib/libctru.a(svc.o)
                0x001130b0                svcCreateMemoryBlock
 .text.svcMapMemoryBlock
                0x001130c8        0x8 /opt/devkitpro/libctru/lib/libctru.a(svc.o)
                0x001130c8                svcMapMemoryBlock
 .text.svcUnmapMemoryBlock
                0x001130d0        0x8 /opt/devkitpro/libctru/lib/libctru.a(svc.o)
                0x001130d0                svcUnmapMemoryBlock
 .text.svcCreateAddressArbiter
                0x001130d8       0x14 /opt/devkitpro/libctru/lib/libctru.a(svc.o)
                0x001130d8                svcCreateAddressArbiter
 .text.svcArbitrateAddressNoTimeout
                0x001130ec        0x8 /opt/devkitpro/libctru/lib/libctru.a(svc.o)
                0x001130ec                svcArbitrateAddressNoTimeout
 .text.svcCloseHandle
                0x001130f4        0x8 /opt/devkitpro/libctru/lib/libctru.a(svc.o)
                0x001130f4                svcCloseHandle
 .text.svcWaitSynchronization
                0x001130fc        0x8 /opt/devkitpro/libctru/lib/libctru.a(svc.o)
                0x001130fc                svcWaitSynchronization
 .text.svcWaitSynchronizationN
                0x00113104       0x28 /opt/devkitpro/libctru/lib/libctru.a(svc.o)
                0x00113104                svcWaitSynchronizationN
 .text.svcDuplicateHandle
                0x0011312c       0x14 /opt/devkitpro/libctru/lib/libctru.a(svc.o)
                0x0011312c                svcDuplicateHandle
 .text.svcGetSystemTick
                0x00113140        0x8 /opt/devkitpro/libctru/lib/libctru.a(svc.o)
                0x00113140                svcGetSystemTick
 .text.svcConnectToPort
                0x00113148       0x14 /opt/devkitpro/libctru/lib/libctru.a(svc.o)
                0x00113148                svcConnectToPort
 .text.svcSendSyncRequest
                0x0011315c        0x8 /opt/devkitpro/libctru/lib/libctru.a(svc.o)
                0x0011315c                svcSendSyncRequest
 .text.svcGetResourceLimit
                0x00113164       0x14 /opt/devkitpro/libctru/lib/libctru.a(svc.o)
                0x00113164                svcGetResourceLimit
 .text.svcGetResourceLimitLimitValues
                0x00113178        0x8 /opt/devkitpro/libctru/lib/libctru.a(svc.o)
                0x00113178                svcGetResourceLimitLimitValues
 .text.svcGetResourceLimitCurrentValues
                0x00113180        0x8 /opt/devkitpro/libctru/lib/libctru.a(svc.o)
                0x00113180                svcGetResourceLimitCurrentValues
 .text.svcBreak
                0x00113188        0x8 /opt/devkitpro/libctru/lib/libctru.a(svc.o)
                0x00113188                svcBreak
 .text.initSystem
                0x00113190       0x50 /opt/devkitpro/libctru/lib/libctru.a(stack_adjust.o)
                0x00113190                initSystem
 .text.__ctru_exit
                0x001131e0       0x14 /opt/devkitpro/libctru/lib/libctru.a(stack_adjust.o)
                0x001131e0                __ctru_exit
 .text._ZL21addrMapNodeComparatorPK11rbtree_nodeS1_
                0x001131f4       0x24 /opt/devkitpro/libctru/lib/libctru.a(linear.o)
 .text._ZL21addrMapNodeDestructorP11rbtree_node
                0x00113218        0x4 /opt/devkitpro/libctru/lib/libctru.a(linear.o)
 .text.linearMemAlign
                0x0011321c      0x12c /opt/devkitpro/libctru/lib/libctru.a(linear.o)
                0x0011321c                linearMemAlign
 .text.linearAlloc
                0x00113348        0x8 /opt/devkitpro/libctru/lib/libctru.a(linear.o)
                0x00113348                linearAlloc
 .text.linearFree
                0x00113350       0x5c /opt/devkitpro/libctru/lib/libctru.a(linear.o)
                0x00113350                linearFree
 .text._ZN7MemPool13CoalesceRightEP8MemBlock
                0x001133ac       0x88 /opt/devkitpro/libctru/lib/libctru.a(mem_pool.o)
                0x001133ac                _ZN7MemPool13CoalesceRightEP8MemBlock
 .text._ZN7MemPool8AllocateER8MemChunkmi
                0x00113434      0x178 /opt/devkitpro/libctru/lib/libctru.a(mem_pool.o)
                0x00113434                _ZN7MemPool8AllocateER8MemChunkmi
 .text._ZN7MemPool10DeallocateERK8MemChunk
                0x001135ac      0x118 /opt/devkitpro/libctru/lib/libctru.a(mem_pool.o)
                0x001135ac                _ZN7MemPool10DeallocateERK8MemChunk
 .text._ZN7MemPool12GetFreeSpaceEv
                0x001136c4       0x30 /opt/devkitpro/libctru/lib/libctru.a(mem_pool.o)
                0x001136c4                _ZN7MemPool12GetFreeSpaceEv
 .text._ZL21addrMapNodeComparatorPK11rbtree_nodeS1_
                0x001136f4       0x24 /opt/devkitpro/libctru/lib/libctru.a(vram.o)
 .text._ZL21addrMapNodeDestructorP11rbtree_node
                0x00113718        0x4 /opt/devkitpro/libctru/lib/libctru.a(vram.o)
 .text.vramMemAlignAt
                0x0011371c      0x248 /opt/devkitpro/libctru/lib/libctru.a(vram.o)
                0x0011371c                vramMemAlignAt
 .text.vramAlloc
                0x00113964        0xc /opt/devkitpro/libctru/lib/libctru.a(vram.o)
                0x00113964                vramAlloc
 .text.vramFree
                0x00113970       0x94 /opt/devkitpro/libctru/lib/libctru.a(vram.o)
                0x00113970                vramFree
 .text.envGetHandle
                0x00113a04       0x8c /opt/devkitpro/libctru/lib/libctru.a(env.o)
                0x00113a04                envGetHandle
 .text.envDestroyHandles
                0x00113a90       0x50 /opt/devkitpro/libctru/lib/libctru.a(env.o)
                0x00113a90                envDestroyHandles
 .text.srvInit  0x00113ae0      0x164 /opt/devkitpro/libctru/lib/libctru.a(srv.o)
                0x00113ae0                srvInit
 .text.srvExit  0x00113c44       0x64 /opt/devkitpro/libctru/lib/libctru.a(srv.o)
                0x00113c44                srvExit
 .text.srvEnableNotification
                0x00113ca8       0x60 /opt/devkitpro/libctru/lib/libctru.a(srv.o)
                0x00113ca8                srvEnableNotification
 .text.srvGetServiceHandleDirect
                0x00113d08       0xa0 /opt/devkitpro/libctru/lib/libctru.a(srv.o)
                0x00113d08                srvGetServiceHandleDirect
 .text.srvGetServiceHandle
                0x00113da8       0x48 /opt/devkitpro/libctru/lib/libctru.a(srv.o)
                0x00113da8                srvGetServiceHandle
 .text.srvSubscribe
                0x00113df0       0x34 /opt/devkitpro/libctru/lib/libctru.a(srv.o)
                0x00113df0                srvSubscribe
 .text.srvReceiveNotification
                0x00113e24       0x60 /opt/devkitpro/libctru/lib/libctru.a(srv.o)
                0x00113e24                srvReceiveNotification
 .text.srvPublishToSubscriber
                0x00113e84       0x38 /opt/devkitpro/libctru/lib/libctru.a(srv.o)
                0x00113e84                srvPublishToSubscriber
 .text.__sync_init
                0x00113ebc        0xc /opt/devkitpro/libctru/lib/libctru.a(synchronization.o)
                0x00113ebc                __sync_init
 .text.__sync_fini
                0x00113ec8       0x18 /opt/devkitpro/libctru/lib/libctru.a(synchronization.o)
                0x00113ec8                __sync_fini
 .text.syncArbitrateAddress
                0x00113ee0       0x28 /opt/devkitpro/libctru/lib/libctru.a(synchronization.o)
                0x00113ee0                syncArbitrateAddress
 .text.LightLock_Lock
                0x00113f08       0xac /opt/devkitpro/libctru/lib/libctru.a(synchronization.o)
                0x00113f08                LightLock_Lock
 .text.LightLock_Unlock
                0x00113fb4       0x40 /opt/devkitpro/libctru/lib/libctru.a(synchronization.o)
                0x00113fb4                LightLock_Unlock
 .text.RecursiveLock_Lock
                0x00113ff4       0x54 /opt/devkitpro/libctru/lib/libctru.a(synchronization.o)
                0x00113ff4                RecursiveLock_Lock
 .text.RecursiveLock_Unlock
                0x00114048       0x54 /opt/devkitpro/libctru/lib/libctru.a(synchronization.o)
                0x00114048                RecursiveLock_Unlock
 .text.LightEvent_Init
                0x0011409c       0x44 /opt/devkitpro/libctru/lib/libctru.a(synchronization.o)
                0x0011409c                LightEvent_Init
 .text.LightEvent_Clear
                0x001140e0       0xb8 /opt/devkitpro/libctru/lib/libctru.a(synchronization.o)
                0x001140e0                LightEvent_Clear
 .text.LightEvent_Signal
                0x00114198       0xdc /opt/devkitpro/libctru/lib/libctru.a(synchronization.o)
                0x00114198                LightEvent_Signal
 .text.LightEvent_TryWait
                0x00114274       0x50 /opt/devkitpro/libctru/lib/libctru.a(synchronization.o)
                0x00114274                LightEvent_TryWait
 .text.LightEvent_Wait
                0x001142c4       0xac /opt/devkitpro/libctru/lib/libctru.a(synchronization.o)
                0x001142c4                LightEvent_Wait
 .text.threadCreate
                0x00114370      0x1fc /opt/devkitpro/libctru/lib/libctru.a(thread.o)
                0x00114370                threadCreate
 .text.threadFree
                0x0011456c       0x38 /opt/devkitpro/libctru/lib/libctru.a(thread.o)
                0x0011456c                threadFree
 .text.threadJoin
                0x001145a4       0x24 /opt/devkitpro/libctru/lib/libctru.a(thread.o)
                0x001145a4                threadJoin
 .text.threadGetCurrent
                0x001145c8       0x30 /opt/devkitpro/libctru/lib/libctru.a(thread.o)
                0x001145c8                threadGetCurrent
 .text.threadExit
                0x001145f8       0x40 /opt/devkitpro/libctru/lib/libctru.a(thread.o)
                0x001145f8                threadExit
 .text._thread_begin
                0x00114638       0x20 /opt/devkitpro/libctru/lib/libctru.a(thread.o)
 .text.mappableFindAddressWithin
                0x00114658       0x90 /opt/devkitpro/libctru/lib/libctru.a(mappable.o)
 .text.mappableInit
                0x001146e8       0x28 /opt/devkitpro/libctru/lib/libctru.a(mappable.o)
                0x001146e8                mappableInit
 .text.mappableAlloc
                0x00114710       0x7c /opt/devkitpro/libctru/lib/libctru.a(mappable.o)
                0x00114710                mappableAlloc
 .text.mappableFree
                0x0011478c        0x4 /opt/devkitpro/libctru/lib/libctru.a(mappable.o)
                0x0011478c                mappableFree
 .text.srvPmGetSessionHandle
                0x00114790        0xc /opt/devkitpro/libctru/lib/libctru.a(srvpm.o)
                0x00114790                srvPmGetSessionHandle
 .text.rbtree_find
                0x0011479c       0x74 /opt/devkitpro/libctru/lib/libctru.a(rbtree_find.o)
                0x0011479c                rbtree_find
 .text.rbtree_init
                0x00114810       0x10 /opt/devkitpro/libctru/lib/libctru.a(rbtree_init.o)
                0x00114810                rbtree_init
 .text.do_insert
                0x00114820      0x198 /opt/devkitpro/libctru/lib/libctru.a(rbtree_insert.o)
 .text.rbtree_insert
                0x001149b8        0x8 /opt/devkitpro/libctru/lib/libctru.a(rbtree_insert.o)
                0x001149b8                rbtree_insert
 .text.rbtree_remove
                0x001149c0      0x310 /opt/devkitpro/libctru/lib/libctru.a(rbtree_remove.o)
                0x001149c0                rbtree_remove
 .text.rbtree_rotate
                0x00114cd0       0x90 /opt/devkitpro/libctru/lib/libctru.a(rbtree_rotate.o)
                0x00114cd0                rbtree_rotate
 .text.__system_allocateHeaps
                0x00114d60      0x1e8 /opt/devkitpro/libctru/lib/libctru.a(allocateHeaps.o)
                0x00114d60                __system_allocateHeaps
 .text.__appExit
                0x00114f48       0x30 /opt/devkitpro/libctru/lib/libctru.a(appExit.o)
                0x00114f48                __appExit
 .text.__appInit
                0x00114f78       0x30 /opt/devkitpro/libctru/lib/libctru.a(appInit.o)
                0x00114f78                __appInit
 .text.__libctru_exit
                0x00114fa8       0x90 /opt/devkitpro/libctru/lib/libctru.a(ctru_exit.o)
                0x00114fa8                __libctru_exit
 .text.error_cmp
                0x00115038       0x24 /opt/devkitpro/libctru/lib/libctru.a(archive_dev.o)
 .text.archive_translate_error
                0x0011505c       0x50 /opt/devkitpro/libctru/lib/libctru.a(archive_dev.o)
 .text.archive_seek
                0x001150ac       0xc0 /opt/devkitpro/libctru/lib/libctru.a(archive_dev.o)
 .text._archiveInit.part.0
                0x0011516c       0x78 /opt/devkitpro/libctru/lib/libctru.a(archive_dev.o)
 .text.archiveFindDevice.part.0
                0x001151e4      0x110 /opt/devkitpro/libctru/lib/libctru.a(archive_dev.o)
 .text.archive_utf16path
                0x001152f4      0x298 /opt/devkitpro/libctru/lib/libctru.a(archive_dev.o)
 .text._archiveUnmountDeviceStruct.part.0
                0x0011558c       0x98 /opt/devkitpro/libctru/lib/libctru.a(archive_dev.o)
 .text._archiveMountDevice
                0x00115624      0x178 /opt/devkitpro/libctru/lib/libctru.a(archive_dev.o)
 .text.archive_diropen
                0x0011579c       0xf8 /opt/devkitpro/libctru/lib/libctru.a(archive_dev.o)
 .text.archive_fstat
                0x00115894       0xac /opt/devkitpro/libctru/lib/libctru.a(archive_dev.o)
 .text.archive_fsync
                0x00115940       0x74 /opt/devkitpro/libctru/lib/libctru.a(archive_dev.o)
 .text.archive_close
                0x001159b4       0x74 /opt/devkitpro/libctru/lib/libctru.a(archive_dev.o)
 .text.archive_dirclose
                0x00115a28       0x78 /opt/devkitpro/libctru/lib/libctru.a(archive_dev.o)
 .text.sdmc_statvfs
                0x00115aa0       0xec /opt/devkitpro/libctru/lib/libctru.a(archive_dev.o)
 .text.archive_chdir
                0x00115b8c       0xf8 /opt/devkitpro/libctru/lib/libctru.a(archive_dev.o)
 .text.archive_ftruncate
                0x00115c84       0x8c /opt/devkitpro/libctru/lib/libctru.a(archive_dev.o)
 .text.archive_read
                0x00115d10       0xbc /opt/devkitpro/libctru/lib/libctru.a(archive_dev.o)
 .text.archive_unlink
                0x00115dcc       0xa8 /opt/devkitpro/libctru/lib/libctru.a(archive_dev.o)
 .text.archive_rmdir
                0x00115e74       0xc0 /opt/devkitpro/libctru/lib/libctru.a(archive_dev.o)
 .text.archive_mkdir
                0x00115f34       0xd8 /opt/devkitpro/libctru/lib/libctru.a(archive_dev.o)
 .text.archive_stat
                0x0011600c      0x1a0 /opt/devkitpro/libctru/lib/libctru.a(archive_dev.o)
 .text.archive_dirnext
                0x001161ac      0x164 /opt/devkitpro/libctru/lib/libctru.a(archive_dev.o)
 .text.archive_write
                0x00116310      0x13c /opt/devkitpro/libctru/lib/libctru.a(archive_dev.o)
 *fill*         0x0011644c        0x4 
 .text.archive_open
                0x00116450      0x254 /opt/devkitpro/libctru/lib/libctru.a(archive_dev.o)
 .text.archive_rename
                0x001166a4      0x270 /opt/devkitpro/libctru/lib/libctru.a(archive_dev.o)
 .text.archiveMountSdmc
                0x00116914      0x1c8 /opt/devkitpro/libctru/lib/libctru.a(archive_dev.o)
                0x00116914                archiveMountSdmc
 .text.archiveUnmountAll
                0x00116adc       0x54 /opt/devkitpro/libctru/lib/libctru.a(archive_dev.o)
                0x00116adc                archiveUnmountAll
 .text.fsInit   0x00116b30      0x104 /opt/devkitpro/libctru/lib/libctru.a(fs.o)
                0x00116b30                fsInit
 .text.fsExit   0x00116c34       0x3c /opt/devkitpro/libctru/lib/libctru.a(fs.o)
                0x00116c34                fsExit
 .text.fsExemptFromSession
                0x00116c70       0x68 /opt/devkitpro/libctru/lib/libctru.a(fs.o)
                0x00116c70                fsExemptFromSession
 .text.fsUnexemptFromSession
                0x00116cd8       0x50 /opt/devkitpro/libctru/lib/libctru.a(fs.o)
                0x00116cd8                fsUnexemptFromSession
 .text.FSUSER_OpenFile
                0x00116d28       0xcc /opt/devkitpro/libctru/lib/libctru.a(fs.o)
                0x00116d28                FSUSER_OpenFile
 .text.FSUSER_DeleteFile
                0x00116df4       0xb8 /opt/devkitpro/libctru/lib/libctru.a(fs.o)
                0x00116df4                FSUSER_DeleteFile
 .text.FSUSER_RenameFile
                0x00116eac       0xf4 /opt/devkitpro/libctru/lib/libctru.a(fs.o)
                0x00116eac                FSUSER_RenameFile
 .text.FSUSER_DeleteDirectory
                0x00116fa0       0xb8 /opt/devkitpro/libctru/lib/libctru.a(fs.o)
                0x00116fa0                FSUSER_DeleteDirectory
 .text.FSUSER_CreateFile
                0x00117058       0xd0 /opt/devkitpro/libctru/lib/libctru.a(fs.o)
                0x00117058                FSUSER_CreateFile
 .text.FSUSER_CreateDirectory
                0x00117128       0xc0 /opt/devkitpro/libctru/lib/libctru.a(fs.o)
                0x00117128                FSUSER_CreateDirectory
 .text.FSUSER_RenameDirectory
                0x001171e8       0xf4 /opt/devkitpro/libctru/lib/libctru.a(fs.o)
                0x001171e8                FSUSER_RenameDirectory
 .text.FSUSER_OpenDirectory
                0x001172dc       0xb4 /opt/devkitpro/libctru/lib/libctru.a(fs.o)
                0x001172dc                FSUSER_OpenDirectory
 .text.FSUSER_OpenArchive
                0x00117390       0x90 /opt/devkitpro/libctru/lib/libctru.a(fs.o)
                0x00117390                FSUSER_OpenArchive
 .text.FSUSER_CloseArchive
                0x00117420       0x8c /opt/devkitpro/libctru/lib/libctru.a(fs.o)
                0x00117420                FSUSER_CloseArchive
 .text.FSUSER_GetSdmcArchiveResource
                0x001174ac       0x74 /opt/devkitpro/libctru/lib/libctru.a(fs.o)
                0x001174ac                FSUSER_GetSdmcArchiveResource
 .text.FSUSER_IsSdmcWritable
                0x00117520       0x64 /opt/devkitpro/libctru/lib/libctru.a(fs.o)
                0x00117520                FSUSER_IsSdmcWritable
 .text.FSFILE_Read
                0x00117584       0x64 /opt/devkitpro/libctru/lib/libctru.a(fs.o)
                0x00117584                FSFILE_Read
 .text.FSFILE_Write
                0x001175e8       0x6c /opt/devkitpro/libctru/lib/libctru.a(fs.o)
                0x001175e8                FSFILE_Write
 .text.FSFILE_GetSize
                0x00117654       0x44 /opt/devkitpro/libctru/lib/libctru.a(fs.o)
                0x00117654                FSFILE_GetSize
 .text.FSFILE_SetSize
                0x00117698       0x28 /opt/devkitpro/libctru/lib/libctru.a(fs.o)
                0x00117698                FSFILE_SetSize
 .text.FSFILE_Close
                0x001176c0       0x3c /opt/devkitpro/libctru/lib/libctru.a(fs.o)
                0x001176c0                FSFILE_Close
 .text.FSFILE_Flush
                0x001176fc       0x24 /opt/devkitpro/libctru/lib/libctru.a(fs.o)
                0x001176fc                FSFILE_Flush
 .text.FSDIR_Read
                0x00117720       0x60 /opt/devkitpro/libctru/lib/libctru.a(fs.o)
                0x00117720                FSDIR_Read
 .text.FSDIR_Close
                0x00117780       0x3c /opt/devkitpro/libctru/lib/libctru.a(fs.o)
                0x00117780                FSDIR_Close
 .text.rbtree_node_next
                0x001177bc       0x60 /opt/devkitpro/libctru/lib/libctru.a(rbtree_iterator.o)
                0x001177bc                rbtree_node_next
 .text.decode_utf8
                0x0011781c      0x140 /opt/devkitpro/libctru/lib/libctru.a(decode_utf8.o)
                0x0011781c                decode_utf8
 .text.utf16_to_utf8
                0x0011795c       0xe8 /opt/devkitpro/libctru/lib/libctru.a(utf16_to_utf8.o)
                0x0011795c                utf16_to_utf8
 .text.utf8_to_utf16
                0x00117a44       0xc0 /opt/devkitpro/libctru/lib/libctru.a(utf8_to_utf16.o)
                0x00117a44                utf8_to_utf16
 .text.__aeabi_read_tp
                0x00117b04        0xc /opt/devkitpro/libctru/lib/libctru.a(readtp.o)
                0x00117b04                __aeabi_read_tp
 .text.decode_utf16
                0x00117b10       0x54 /opt/devkitpro/libctru/lib/libctru.a(decode_utf16.o)
                0x00117b10                decode_utf16
 .text.encode_utf16
                0x00117b64       0x54 /opt/devkitpro/libctru/lib/libctru.a(encode_utf16.o)
                0x00117b64                encode_utf16
 .text.encode_utf8
                0x00117bb8       0xe0 /opt/devkitpro/libctru/lib/libctru.a(encode_utf8.o)
                0x00117bb8                encode_utf8
 .text._ZdlPvj  0x00117c98        0x4 /opt/devkitpro/devkitARM/lib/gcc/arm-none-eabi/15.2.0/../../../../arm-none-eabi/lib/armv6k/fpu/libstdc++.a(del_ops.o)
                0x00117c98                _ZdlPvj
 .text._Znwj    0x00117c9c       0x5c /opt/devkitpro/devkitARM/lib/gcc/arm-none-eabi/15.2.0/../../../../arm-none-eabi/lib/armv6k/fpu/libstdc++.a(new_op.o)
                0x00117c9c                _Znwj
 .text.unlikely._ZSt19__throw_logic_errorPKc
                0x00117cf8       0x40 /opt/devkitpro/devkitARM/lib/gcc/arm-none-eabi/15.2.0/../../../../arm-none-eabi/lib/armv6k/fpu/libstdc++.a(functexcept.o)
                0x00117cf8                _ZSt19__throw_logic_errorPKc
 .text.unlikely._ZSt20__throw_length_errorPKc
                0x00117d38       0x40 /opt/devkitpro/devkitARM/lib/gcc/arm-none-eabi/15.2.0/../../../../arm-none-eabi/lib/armv6k/fpu/libstdc++.a(functexcept.o)
                0x00117d38                _ZSt20__throw_length_errorPKc
 .text._ZNSt7__cxx1112basic_stringIcSt11char_traitsIcESaIcEE9_M_createERjj
                0x00117d78       0x54 /opt/devkitpro/devkitARM/lib/gcc/arm-none-eabi/15.2.0/../../../../arm-none-eabi/lib/armv6k/fpu/libstdc++.a(string-inst.o)
                0x00117d78                _ZNSt7__cxx1112basic_stringIcSt11char_traitsIcESaIcEE9_M_createERjj
 .text._ZNSt7__cxx1112basic_stringIcSt11char_traitsIcESaIcEE9_M_mutateEjjPKcj
                0x00117dcc      0x104 /opt/devkitpro/devkitARM/lib/gcc/arm-none-eabi/15.2.0/../../../../arm-none-eabi/lib/armv6k/fpu/libstdc++.a(string-inst.o)
                0x00117dcc                _ZNSt7__cxx1112basic_stringIcSt11char_traitsIcESaIcEE9_M_mutateEjjPKcj
 .text._ZNSt7__cxx1112basic_stringIcSt11char_traitsIcESaIcEE7reserveEj
                0x00117ed0       0x98 /opt/devkitpro/devkitARM/lib/gcc/arm-none-eabi/15.2.0/../../../../arm-none-eabi/lib/armv6k/fpu/libstdc++.a(string-inst.o)
                0x00117ed0                _ZNSt7__cxx1112basic_stringIcSt11char_traitsIcESaIcEE7reserveEj
 .text.unlikely._ZNSt7__cxx1112basic_stringIcSt11char_traitsIcESaIcEE15_M_replace_coldEPcjPKcjj
                0x00117f68      0x140 /opt/devkitpro/devkitARM/lib/gcc/arm-none-eabi/15.2.0/../../../../arm-none-eabi/lib/armv6k/fpu/libstdc++.a(string-inst.o)
                0x00117f68                _ZNSt7__cxx1112basic_stringIcSt11char_traitsIcESaIcEE15_M_replace_coldEPcjPKcjj
 .text._ZNSt7__cxx1112basic_stringIcSt11char_traitsIcESaIcEE10_M_replaceEjjPKcj
                0x001180a8      0x130 /opt/devkitpro/devkitARM/lib/gcc/arm-none-eabi/15.2.0/../../../../arm-none-eabi/lib/armv6k/fpu/libstdc++.a(string-inst.o)
                0x001180a8                _ZNSt7__cxx1112basic_stringIcSt11char_traitsIcESaIcEE10_M_replaceEjjPKcj
 .text._ZNSt7__cxx1112basic_stringIcSt11char_traitsIcESaIcEE9_M_appendEPKcj
                0x001181d8       0x90 /opt/devkitpro/devkitARM/lib/gcc/arm-none-eabi/15.2.0/../../../../arm-none-eabi/lib/armv6k/fpu/libstdc++.a(string-inst.o)
                0x001181d8                _ZNSt7__cxx1112basic_stringIcSt11char_traitsIcESaIcEE9_M_appendEPKcj
 .text._ZNKSt9bad_alloc4whatEv
                0x00118268        0xc /opt/devkitpro/devkitARM/lib/gcc/arm-none-eabi/15.2.0/../../../../arm-none-eabi/lib/armv6k/fpu/libstdc++.a(bad_alloc.o)
                0x00118268                _ZNKSt9bad_alloc4whatEv
 .text._ZNSt9bad_allocD2Ev
                0x00118274       0x20 /opt/devkitpro/devkitARM/lib/gcc/arm-none-eabi/15.2.0/../../../../arm-none-eabi/lib/armv6k/fpu/libstdc++.a(bad_alloc.o)
                0x00118274                _ZNSt9bad_allocD2Ev
                0x00118274                _ZNSt9bad_allocD1Ev
 .text._ZNSt9bad_allocD0Ev
                0x00118294       0x2c /opt/devkitpro/devkitARM/lib/gcc/arm-none-eabi/15.2.0/../../../../arm-none-eabi/lib/armv6k/fpu/libstdc++.a(bad_alloc.o)
                0x00118294                _ZNSt9bad_allocD0Ev
 .text._ZdlPv   0x001182c0        0x4 /opt/devkitpro/devkitARM/lib/gcc/arm-none-eabi/15.2.0/../../../../arm-none-eabi/lib/armv6k/fpu/libstdc++.a(del_op.o)
                0x001182c0                _ZdlPv
 .text._ZNK9__gnu_cxx24__concurrence_lock_error4whatEv
                0x001182c4        0xc /opt/devkitpro/devkitARM/lib/gcc/arm-none-eabi/15.2.0/../../../../arm-none-eabi/lib/armv6k/fpu/libstdc++.a(eh_alloc.o)
                0x001182c4                _ZNK9__gnu_cxx24__concurrence_lock_error4whatEv
 .text._ZNK9__gnu_cxx26__concurrence_unlock_error4whatEv
                0x001182d0        0xc /opt/devkitpro/devkitARM/lib/gcc/arm-none-eabi/15.2.0/../../../../arm-none-eabi/lib/armv6k/fpu/libstdc++.a(eh_alloc.o)
                0x001182d0                _ZNK9__gnu_cxx26__concurrence_unlock_error4whatEv
 .text._ZN9__gnu_cxx24__concurrence_lock_errorD2Ev
                0x001182dc       0x20 /opt/devkitpro/devkitARM/lib/gcc/arm-none-eabi/15.2.0/../../../../arm-none-eabi/lib/armv6k/fpu/libstdc++.a(eh_alloc.o)
                0x001182dc                _ZN9__gnu_cxx24__concurrence_lock_errorD2Ev
                0x001182dc                _ZN9__gnu_cxx24__concurrence_lock_errorD1Ev
 .text._ZN9__gnu_cxx24__concurrence_lock_errorD0Ev
                0x001182fc       0x2c /opt/devkitpro/devkitARM/lib/gcc/arm-none-eabi/15.2.0/../../../../arm-none-eabi/lib/armv6k/fpu/libstdc++.a(eh_alloc.o)
                0x001182fc                _ZN9__gnu_cxx24__concurrence_lock_errorD0Ev
 .text._ZN9__gnu_cxx26__concurrence_unlock_errorD2Ev
                0x00118328       0x20 /opt/devkitpro/devkitARM/lib/gcc/arm-none-eabi/15.2.0/../../../../arm-none-eabi/lib/armv6k/fpu/libstdc++.a(eh_alloc.o)
                0x00118328                _ZN9__gnu_cxx26__concurrence_unlock_errorD1Ev
                0x00118328                _ZN9__gnu_cxx26__concurrence_unlock_errorD2Ev
 .text._ZN9__gnu_cxx26__concurrence_unlock_errorD0Ev
                0x00118348       0x2c /opt/devkitpro/devkitARM/lib/gcc/arm-none-eabi/15.2.0/../../../../arm-none-eabi/lib/armv6k/fpu/libstdc++.a(eh_alloc.o)
                0x00118348                _ZN9__gnu_cxx26__concurrence_unlock_errorD0Ev
 .text.unlikely._ZN9__gnu_cxx30__throw_concurrence_lock_errorEv
                0x00118374       0x2c /opt/devkitpro/devkitARM/lib/gcc/arm-none-eabi/15.2.0/../../../../arm-none-eabi/lib/armv6k/fpu/libstdc++.a(eh_alloc.o)
                0x00118374                _ZN9__gnu_cxx30__throw_concurrence_lock_errorEv
 .text.unlikely._ZN9__gnu_cxx32__throw_concurrence_unlock_errorEv
                0x001183a0       0x2c /opt/devkitpro/devkitARM/lib/gcc/arm-none-eabi/15.2.0/../../../../arm-none-eabi/lib/armv6k/fpu/libstdc++.a(eh_alloc.o)
                0x001183a0                _ZN9__gnu_cxx32__throw_concurrence_unlock_errorEv
 .text._ZN12_GLOBAL__N_14pool4freeEPv.constprop.0
                0x001183cc      0x100 /opt/devkitpro/devkitARM/lib/gcc/arm-none-eabi/15.2.0/../../../../arm-none-eabi/lib/armv6k/fpu/libstdc++.a(eh_alloc.o)
 .text._ZN12_GLOBAL__N_14pool8allocateEj.constprop.0
                0x001184cc       0xc0 /opt/devkitpro/devkitARM/lib/gcc/arm-none-eabi/15.2.0/../../../../arm-none-eabi/lib/armv6k/fpu/libstdc++.a(eh_alloc.o)
 .text.__cxa_allocate_exception
                0x0011858c       0x44 /opt/devkitpro/devkitARM/lib/gcc/arm-none-eabi/15.2.0/../../../../arm-none-eabi/lib/armv6k/fpu/libstdc++.a(eh_alloc.o)
                0x0011858c                __cxa_allocate_exception
 .text.__cxa_free_exception
                0x001185d0       0x28 /opt/devkitpro/devkitARM/lib/gcc/arm-none-eabi/15.2.0/../../../../arm-none-eabi/lib/armv6k/fpu/libstdc++.a(eh_alloc.o)
                0x001185d0                __cxa_free_exception
 .text.startup._GLOBAL__sub_I__ZN9__gnu_cxx9__freeresEv
                0x001185f8      0x1a4 /opt/devkitpro/devkitARM/lib/gcc/arm-none-eabi/15.2.0/../../../../arm-none-eabi/lib/armv6k/fpu/libstdc++.a(eh_alloc.o)
 .text.exit._GLOBAL__sub_D__ZN9__gnu_cxx9__freeresEv
                0x0011879c       0x18 /opt/devkitpro/devkitARM/lib/gcc/arm-none-eabi/15.2.0/../../../../arm-none-eabi/lib/armv6k/fpu/libstdc++.a(eh_alloc.o)
 .text.__cxa_end_cleanup
                0x001187b4       0x10 /opt/devkitpro/devkitARM/lib/gcc/arm-none-eabi/15.2.0/../../../../arm-none-eabi/lib/armv6k/fpu/libstdc++.a(eh_arm.o)
                0x001187b4                __cxa_end_cleanup
 .text.__cxa_type_match
                0x001187c4      0x138 /opt/devkitpro/devkitARM/lib/gcc/arm-none-eabi/15.2.0/../../../../arm-none-eabi/lib/armv6k/fpu/libstdc++.a(eh_arm.o)
                0x001187c4                __cxa_type_match
 .text.__cxa_begin_cleanup
                0x001188fc       0xb4 /opt/devkitpro/devkitARM/lib/gcc/arm-none-eabi/15.2.0/../../../../arm-none-eabi/lib/armv6k/fpu/libstdc++.a(eh_arm.o)
                0x001188fc                __cxa_begin_cleanup
 .text.__gnu_end_cleanup
                0x001189b0       0xb4 /opt/devkitpro/devkitARM/lib/gcc/arm-none-eabi/15.2.0/../../../../arm-none-eabi/lib/armv6k/fpu/libstdc++.a(eh_arm.o)
                0x001189b0                __gnu_end_cleanup
 .text.__cxa_begin_catch
                0x00118a64       0xe0 /opt/devkitpro/devkitARM/lib/gcc/arm-none-eabi/15.2.0/../../../../arm-none-eabi/lib/armv6k/fpu/libstdc++.a(eh_catch.o)
                0x00118a64                __cxa_begin_catch
 .text.__cxa_end_catch
                0x00118b44       0xe0 /opt/devkitpro/devkitARM/lib/gcc/arm-none-eabi/15.2.0/../../../../arm-none-eabi/lib/armv6k/fpu/libstdc++.a(eh_catch.o)
                0x00118b44                __cxa_end_catch
 .text._ZNSt9exceptionD2Ev
                0x00118c24        0x4 /opt/devkitpro/devkitARM/lib/gcc/arm-none-eabi/15.2.0/../../../../arm-none-eabi/lib/armv6k/fpu/libstdc++.a(eh_exception.o)
                0x00118c24                _ZNSt9exceptionD2Ev
                0x00118c24                _ZNSt9exceptionD1Ev
 .text._ZNSt13bad_exceptionD2Ev
                0x00118c28        0x4 /opt/devkitpro/devkitARM/lib/gcc/arm-none-eabi/15.2.0/../../../../arm-none-eabi/lib/armv6k/fpu/libstdc++.a(eh_exception.o)
                0x00118c28                _ZNSt13bad_exceptionD2Ev
                0x00118c28                _ZNSt13bad_exceptionD1Ev
 .text._ZNKSt13bad_exception4whatEv
                0x00118c2c        0xc /opt/devkitpro/devkitARM/lib/gcc/arm-none-eabi/15.2.0/../../../../arm-none-eabi/lib/armv6k/fpu/libstdc++.a(eh_exception.o)
                0x00118c2c                _ZGTtNKSt13bad_exception4whatEv
                0x00118c2c                _ZNKSt13bad_exception4whatEv
 .text._ZNSt13bad_exceptionD0Ev
                0x00118c38       0x20 /opt/devkitpro/devkitARM/lib/gcc/arm-none-eabi/15.2.0/../../../../arm-none-eabi/lib/armv6k/fpu/libstdc++.a(eh_exception.o)
                0x00118c38                _ZNSt13bad_exceptionD0Ev
 .text._ZL15eh_globals_dtorPv
                0x00118c58       0x38 /opt/devkitpro/devkitARM/lib/gcc/arm-none-eabi/15.2.0/../../../../arm-none-eabi/lib/armv6k/fpu/libstdc++.a(eh_globals.o)
 .text.__cxa_get_globals_fast
                0x00118c90       0x38 /opt/devkitpro/devkitARM/lib/gcc/arm-none-eabi/15.2.0/../../../../arm-none-eabi/lib/armv6k/fpu/libstdc++.a(eh_globals.o)
                0x00118c90                __cxa_get_globals_fast
 .text.__cxa_get_globals
                0x00118cc8       0x90 /opt/devkitpro/devkitARM/lib/gcc/arm-none-eabi/15.2.0/../../../../arm-none-eabi/lib/armv6k/fpu/libstdc++.a(eh_globals.o)
                0x00118cc8                __cxa_get_globals
 .text.startup._GLOBAL__sub_I__ZN17__eh_globals_init7_S_initE
                0x00118d58       0x30 /opt/devkitpro/devkitARM/lib/gcc/arm-none-eabi/15.2.0/../../../../arm-none-eabi/lib/armv6k/fpu/libstdc++.a(eh_globals.o)
 .text.exit._GLOBAL__sub_D__ZN17__eh_globals_init7_S_initE
                0x00118d88       0x34 /opt/devkitpro/devkitARM/lib/gcc/arm-none-eabi/15.2.0/../../../../arm-none-eabi/lib/armv6k/fpu/libstdc++.a(eh_globals.o)
 .text._ZL28read_encoded_value_with_basehjPKhPj
                0x00118dbc      0x150 /opt/devkitpro/devkitARM/lib/gcc/arm-none-eabi/15.2.0/../../../../arm-none-eabi/lib/armv6k/fpu/libstdc++.a(eh_personality.o)
 .text._ZL21base_of_encoded_valuehP15_Unwind_Context
                0x00118f0c       0x5c /opt/devkitpro/devkitARM/lib/gcc/arm-none-eabi/15.2.0/../../../../arm-none-eabi/lib/armv6k/fpu/libstdc++.a(eh_personality.o)
 .text._ZL17parse_lsda_headerP15_Unwind_ContextPKhP16lsda_header_info
                0x00118f68       0xf0 /opt/devkitpro/devkitARM/lib/gcc/arm-none-eabi/15.2.0/../../../../arm-none-eabi/lib/armv6k/fpu/libstdc++.a(eh_personality.o)
 .text.__gxx_personality_v0
                0x00119058      0x6c8 /opt/devkitpro/devkitARM/lib/gcc/arm-none-eabi/15.2.0/../../../../arm-none-eabi/lib/armv6k/fpu/libstdc++.a(eh_personality.o)
                0x00119058                __gxx_personality_v0
 .text._ZN10__cxxabiv111__terminateEPFvvE
                0x00119720       0x14 /opt/devkitpro/devkitARM/lib/gcc/arm-none-eabi/15.2.0/../../../../arm-none-eabi/lib/armv6k/fpu/libstdc++.a(eh_terminate.o)
                0x00119720                _ZN10__cxxabiv111__terminateEPFvvE
 .text.unlikely._ZSt9terminatev
                0x00119734       0x18 /opt/devkitpro/devkitARM/lib/gcc/arm-none-eabi/15.2.0/../../../../arm-none-eabi/lib/armv6k/fpu/libstdc++.a(eh_terminate.o)
                0x00119734                _ZSt9terminatev
 .text._ZN10__cxxabiv112__unexpectedEPFvvE
                0x0011974c        0xc /opt/devkitpro/devkitARM/lib/gcc/arm-none-eabi/15.2.0/../../../../arm-none-eabi/lib/armv6k/fpu/libstdc++.a(eh_terminate.o)
                0x0011974c                _ZN10__cxxabiv112__unexpectedEPFvvE
 .text.unlikely._ZSt10unexpectedv
                0x00119758       0x18 /opt/devkitpro/devkitARM/lib/gcc/arm-none-eabi/15.2.0/../../../../arm-none-eabi/lib/armv6k/fpu/libstdc++.a(eh_terminate.o)
                0x00119758                _ZSt10unexpectedv
 .text._ZSt13get_terminatev
                0x00119770       0x14 /opt/devkitpro/devkitARM/lib/gcc/arm-none-eabi/15.2.0/../../../../arm-none-eabi/lib/armv6k/fpu/libstdc++.a(eh_terminate.o)
                0x00119770                _ZSt13get_terminatev
 .text._ZSt14get_unexpectedv
                0x00119784       0x14 /opt/devkitpro/devkitARM/lib/gcc/arm-none-eabi/15.2.0/../../../../arm-none-eabi/lib/armv6k/fpu/libstdc++.a(eh_terminate.o)
                0x00119784                _ZSt14get_unexpectedv
 .text._ZL23__gxx_exception_cleanup19_Unwind_Reason_CodeP21_Unwind_Control_Block
                0x00119798       0x70 /opt/devkitpro/devkitARM/lib/gcc/arm-none-eabi/15.2.0/../../../../arm-none-eabi/lib/armv6k/fpu/libstdc++.a(eh_throw.o)
 .text.__cxa_init_primary_exception
                0x00119808       0x54 /opt/devkitpro/devkitARM/lib/gcc/arm-none-eabi/15.2.0/../../../../arm-none-eabi/lib/armv6k/fpu/libstdc++.a(eh_throw.o)
                0x00119808                __cxa_init_primary_exception
 .text.__cxa_throw
                0x0011985c       0x54 /opt/devkitpro/devkitARM/lib/gcc/arm-none-eabi/15.2.0/../../../../arm-none-eabi/lib/armv6k/fpu/libstdc++.a(eh_throw.o)
                0x0011985c                __cxa_throw
 .text.__cxa_rethrow
                0x001198b0       0xb0 /opt/devkitpro/devkitARM/lib/gcc/arm-none-eabi/15.2.0/../../../../arm-none-eabi/lib/armv6k/fpu/libstdc++.a(eh_throw.o)
                0x001198b0                __cxa_rethrow
 .text._ZSt15get_new_handlerv
                0x00119960       0x14 /opt/devkitpro/devkitARM/lib/gcc/arm-none-eabi/15.2.0/../../../../arm-none-eabi/lib/armv6k/fpu/libstdc++.a(new_handler.o)
                0x00119960                _ZSt15get_new_handlerv
 .text._ZN10__cxxabiv120__si_class_type_infoD2Ev
                0x00119974       0x20 /opt/devkitpro/devkitARM/lib/gcc/arm-none-eabi/15.2.0/../../../../arm-none-eabi/lib/armv6k/fpu/libstdc++.a(si_class_type_info.o)
                0x00119974                _ZN10__cxxabiv120__si_class_type_infoD2Ev
                0x00119974                _ZN10__cxxabiv120__si_class_type_infoD1Ev
 .text._ZN10__cxxabiv120__si_class_type_infoD0Ev
                0x00119994       0x2c /opt/devkitpro/devkitARM/lib/gcc/arm-none-eabi/15.2.0/../../../../arm-none-eabi/lib/armv6k/fpu/libstdc++.a(si_class_type_info.o)
                0x00119994                _ZN10__cxxabiv120__si_class_type_infoD0Ev
 .text._ZNK10__cxxabiv120__si_class_type_info20__do_find_public_srcEiPKvPKNS_17__class_type_infoES2_
                0x001199c0       0x6c /opt/devkitpro/devkitARM/lib/gcc/arm-none-eabi/15.2.0/../../../../arm-none-eabi/lib/armv6k/fpu/libstdc++.a(si_class_type_info.o)
                0x001199c0                _ZNK10__cxxabiv120__si_class_type_info20__do_find_public_srcEiPKvPKNS_17__class_type_infoES2_
 .text._ZNK10__cxxabiv120__si_class_type_info12__do_dyncastEiNS_17__class_type_info10__sub_kindEPKS1_PKvS4_S6_RNS1_16__dyncast_resultE
                0x00119a2c       0xe4 /opt/devkitpro/devkitARM/lib/gcc/arm-none-eabi/15.2.0/../../../../arm-none-eabi/lib/armv6k/fpu/libstdc++.a(si_class_type_info.o)
                0x00119a2c                _ZNK10__cxxabiv120__si_class_type_info12__do_dyncastEiNS_17__class_type_info10__sub_kindEPKS1_PKvS4_S6_RNS1_16__dyncast_resultE
 .text._ZNK10__cxxabiv120__si_class_type_info11__do_upcastEPKNS_17__class_type_infoEPKvRNS1_15__upcast_resultE
                0x00119b10       0x44 /opt/devkitpro/devkitARM/lib/gcc/arm-none-eabi/15.2.0/../../../../arm-none-eabi/lib/armv6k/fpu/libstdc++.a(si_class_type_info.o)
                0x00119b10                _ZNK10__cxxabiv120__si_class_type_info11__do_upcastEPKNS_17__class_type_infoEPKvRNS1_15__upcast_resultE
 .text._ZNSt9type_infoD2Ev
                0x00119b54        0x4 /opt/devkitpro/devkitARM/lib/gcc/arm-none-eabi/15.2.0/../../../../arm-none-eabi/lib/armv6k/fpu/libstdc++.a(tinfo.o)
                0x00119b54                _ZNSt9type_infoD1Ev
                0x00119b54                _ZNSt9type_infoD2Ev
 .text._ZNKSt9type_info14__is_pointer_pEv
                0x00119b58        0x8 /opt/devkitpro/devkitARM/lib/gcc/arm-none-eabi/15.2.0/../../../../arm-none-eabi/lib/armv6k/fpu/libstdc++.a(tinfo.o)
                0x00119b58                _ZNKSt9type_info15__is_function_pEv
                0x00119b58                _ZNKSt9type_info14__is_pointer_pEv
 .text._ZNKSt9type_infoeqERKS_
                0x00119b60       0x4c /opt/devkitpro/devkitARM/lib/gcc/arm-none-eabi/15.2.0/../../../../arm-none-eabi/lib/armv6k/fpu/libstdc++.a(tinfo.o)
                0x00119b60                _ZNKSt9type_info7__equalERKS_
                0x00119b60                _ZNKSt9type_infoeqERKS_
 .text._ZNKSt11logic_error4whatEv
                0x00119bac        0x8 /opt/devkitpro/devkitARM/lib/gcc/arm-none-eabi/15.2.0/../../../../arm-none-eabi/lib/armv6k/fpu/libstdc++.a(stdexcept.o)
                0x00119bac                _ZNKSt13runtime_error4whatEv
                0x00119bac                _ZNKSt11logic_error4whatEv
 .text._ZNSt11logic_errorD2Ev
                0x00119bb4       0x78 /opt/devkitpro/devkitARM/lib/gcc/arm-none-eabi/15.2.0/../../../../arm-none-eabi/lib/armv6k/fpu/libstdc++.a(stdexcept.o)
                0x00119bb4                _ZNSt11logic_errorD2Ev
                0x00119bb4                _ZNSt11logic_errorD1Ev
 .text._ZNSt12length_errorD2Ev
                0x00119c2c       0x78 /opt/devkitpro/devkitARM/lib/gcc/arm-none-eabi/15.2.0/../../../../arm-none-eabi/lib/armv6k/fpu/libstdc++.a(stdexcept.o)
                0x00119c2c                _ZNSt12length_errorD2Ev
                0x00119c2c                _ZNSt12length_errorD1Ev
 .text._ZNSt11logic_errorD0Ev
                0x00119ca4       0x80 /opt/devkitpro/devkitARM/lib/gcc/arm-none-eabi/15.2.0/../../../../arm-none-eabi/lib/armv6k/fpu/libstdc++.a(stdexcept.o)
                0x00119ca4                _ZNSt11logic_errorD0Ev
 .text._ZNSt12length_errorD0Ev
                0x00119d24       0x80 /opt/devkitpro/devkitARM/lib/gcc/arm-none-eabi/15.2.0/../../../../arm-none-eabi/lib/armv6k/fpu/libstdc++.a(stdexcept.o)
                0x00119d24                _ZNSt12length_errorD0Ev
 .text._ZNSt11logic_errorC2EPKc
                0x00119da4       0xd8 /opt/devkitpro/devkitARM/lib/gcc/arm-none-eabi/15.2.0/../../../../arm-none-eabi/lib/armv6k/fpu/libstdc++.a(cow-stdexcept.o)
                0x00119da4                _ZNSt11logic_errorC2EPKc
                0x00119da4                _ZNSt11logic_errorC1EPKc
 .text._ZNSt12length_errorC2EPKc
                0x00119e7c       0x20 /opt/devkitpro/devkitARM/lib/gcc/arm-none-eabi/15.2.0/../../../../arm-none-eabi/lib/armv6k/fpu/libstdc++.a(cow-stdexcept.o)
                0x00119e7c                _ZNSt12length_errorC2EPKc
                0x00119e7c                _ZNSt12length_errorC1EPKc
 .text._ZNSs4_Rep9_S_createEjjRKSaIcE
                0x00119e9c       0x88 /opt/devkitpro/devkitARM/lib/gcc/arm-none-eabi/15.2.0/../../../../arm-none-eabi/lib/armv6k/fpu/libstdc++.a(cow-string-inst.o)
                0x00119e9c                _ZNSs4_Rep9_S_createEjjRKSaIcE
 .text._ZNSs4_Rep10_M_destroyERKSaIcE
                0x00119f24        0x4 /opt/devkitpro/devkitARM/lib/gcc/arm-none-eabi/15.2.0/../../../../arm-none-eabi/lib/armv6k/fpu/libstdc++.a(cow-string-inst.o)
                0x00119f24                _ZNSs4_Rep10_M_destroyERKSaIcE
 .text._ZNK10__cxxabiv117__class_type_info11__do_upcastEPKS0_PPv
                0x00119f28       0x5c /opt/devkitpro/devkitARM/lib/gcc/arm-none-eabi/15.2.0/../../../../arm-none-eabi/lib/armv6k/fpu/libstdc++.a(class_type_info.o)
                0x00119f28                _ZNK10__cxxabiv117__class_type_info11__do_upcastEPKS0_PPv
 .text._ZNK10__cxxabiv117__class_type_info20__do_find_public_srcEiPKvPKS0_S2_
                0x00119f84       0x14 /opt/devkitpro/devkitARM/lib/gcc/arm-none-eabi/15.2.0/../../../../arm-none-eabi/lib/armv6k/fpu/libstdc++.a(class_type_info.o)
                0x00119f84                _ZNK10__cxxabiv117__class_type_info20__do_find_public_srcEiPKvPKS0_S2_
 .text._ZN10__cxxabiv117__class_type_infoD2Ev
                0x00119f98       0x20 /opt/devkitpro/devkitARM/lib/gcc/arm-none-eabi/15.2.0/../../../../arm-none-eabi/lib/armv6k/fpu/libstdc++.a(class_type_info.o)
                0x00119f98                _ZN10__cxxabiv117__class_type_infoD1Ev
                0x00119f98                _ZN10__cxxabiv117__class_type_infoD2Ev
 .text._ZN10__cxxabiv117__class_type_infoD0Ev
                0x00119fb8       0x2c /opt/devkitpro/devkitARM/lib/gcc/arm-none-eabi/15.2.0/../../../../arm-none-eabi/lib/armv6k/fpu/libstdc++.a(class_type_info.o)
                0x00119fb8                _ZN10__cxxabiv117__class_type_infoD0Ev
 .text._ZNK10__cxxabiv117__class_type_info12__do_dyncastEiNS0_10__sub_kindEPKS0_PKvS3_S5_RNS0_16__dyncast_resultE
                0x00119fe4       0x84 /opt/devkitpro/devkitARM/lib/gcc/arm-none-eabi/15.2.0/../../../../arm-none-eabi/lib/armv6k/fpu/libstdc++.a(class_type_info.o)
                0x00119fe4                _ZNK10__cxxabiv117__class_type_info12__do_dyncastEiNS0_10__sub_kindEPKS0_PKvS3_S5_RNS0_16__dyncast_resultE
 .text._ZNK10__cxxabiv117__class_type_info11__do_upcastEPKS0_PKvRNS0_15__upcast_resultE
                0x0011a068       0x38 /opt/devkitpro/devkitARM/lib/gcc/arm-none-eabi/15.2.0/../../../../arm-none-eabi/lib/armv6k/fpu/libstdc++.a(class_type_info.o)
                0x0011a068                _ZNK10__cxxabiv117__class_type_info11__do_upcastEPKS0_PKvRNS0_15__upcast_resultE
 .text._ZNK10__cxxabiv117__class_type_info10__do_catchEPKSt9type_infoPPvj
                0x0011a0a0       0x44 /opt/devkitpro/devkitARM/lib/gcc/arm-none-eabi/15.2.0/../../../../arm-none-eabi/lib/armv6k/fpu/libstdc++.a(class_type_info.o)
                0x0011a0a0                _ZNK10__cxxabiv117__class_type_info10__do_catchEPKSt9type_infoPPvj
 .text.unlikely._ZN10__cxxabiv1L24__is_gxx_exception_classEPc
                0x0011a0e4       0x70 /opt/devkitpro/devkitARM/lib/gcc/arm-none-eabi/15.2.0/../../../../arm-none-eabi/lib/armv6k/fpu/libstdc++.a(eh_call.o)
 .text.unlikely.__cxa_call_terminate
                0x0011a154       0x2c /opt/devkitpro/devkitARM/lib/gcc/arm-none-eabi/15.2.0/../../../../arm-none-eabi/lib/armv6k/fpu/libstdc++.a(eh_call.o)
                0x0011a154                __cxa_call_terminate
 .text.unlikely.__cxa_call_unexpected
                0x0011a180      0x148 /opt/devkitpro/devkitARM/lib/gcc/arm-none-eabi/15.2.0/../../../../arm-none-eabi/lib/armv6k/fpu/libstdc++.a(eh_call.o)
                0x0011a180                __cxa_call_unexpected
 .text.sinf     0x0011a2c8      0x264 /opt/devkitpro/devkitARM/lib/gcc/arm-none-eabi/15.2.0/../../../../arm-none-eabi/lib/armv6k/fpu/libm.a(libm_a-sinf.o)
                0x0011a2c8                sinf
 .text.with_errnof
                0x0011a52c       0x24 /opt/devkitpro/devkitARM/lib/gcc/arm-none-eabi/15.2.0/../../../../arm-none-eabi/lib/armv6k/fpu/libm.a(libm_a-math_errf.o)
 .text.__math_invalidf
                0x0011a550       0x1c /opt/devkitpro/devkitARM/lib/gcc/arm-none-eabi/15.2.0/../../../../arm-none-eabi/lib/armv6k/fpu/libm.a(libm_a-math_errf.o)
                0x0011a550                __math_invalidf
 .text.__udivmoddi4
                0x0011a56c      0x130 /opt/devkitpro/devkitARM/lib/gcc/arm-none-eabi/15.2.0/armv6k/fpu/libgcc.a(_udivmoddi4.o)
                0x0011a56c                __udivmoddi4
 .text.selfrel_offset31
                0x0011a69c       0x18 /opt/devkitpro/devkitARM/lib/gcc/arm-none-eabi/15.2.0/armv6k/fpu/libgcc.a(unwind-arm.o)
 .text.search_EIT_table
                0x0011a6b4       0x90 /opt/devkitpro/devkitARM/lib/gcc/arm-none-eabi/15.2.0/armv6k/fpu/libgcc.a(unwind-arm.o)
 .text.__gnu_unwind_get_pr_addr
                0x0011a744       0x40 /opt/devkitpro/devkitARM/lib/gcc/arm-none-eabi/15.2.0/armv6k/fpu/libgcc.a(unwind-arm.o)
 .text.get_eit_entry
                0x0011a784      0x110 /opt/devkitpro/devkitARM/lib/gcc/arm-none-eabi/15.2.0/armv6k/fpu/libgcc.a(unwind-arm.o)
 .text.restore_non_core_regs
                0x0011a894       0x88 /opt/devkitpro/devkitARM/lib/gcc/arm-none-eabi/15.2.0/armv6k/fpu/libgcc.a(unwind-arm.o)
 .text._Unwind_decode_typeinfo_ptr.constprop.0
                0x0011a91c       0x14 /opt/devkitpro/devkitARM/lib/gcc/arm-none-eabi/15.2.0/armv6k/fpu/libgcc.a(unwind-arm.o)
 .text._Unwind_DebugHook
                0x0011a930        0x4 /opt/devkitpro/devkitARM/lib/gcc/arm-none-eabi/15.2.0/armv6k/fpu/libgcc.a(unwind-arm.o)
 .text.unwind_phase2
                0x0011a934       0x64 /opt/devkitpro/devkitARM/lib/gcc/arm-none-eabi/15.2.0/armv6k/fpu/libgcc.a(unwind-arm.o)
 .text.unwind_phase2_forced
                0x0011a998      0x13c /opt/devkitpro/devkitARM/lib/gcc/arm-none-eabi/15.2.0/armv6k/fpu/libgcc.a(unwind-arm.o)
 .text.__gnu_Unwind_RaiseException
                0x0011aad4       0xa4 /opt/devkitpro/devkitARM/lib/gcc/arm-none-eabi/15.2.0/armv6k/fpu/libgcc.a(unwind-arm.o)
                0x0011aad4                __gnu_Unwind_RaiseException
 .text.__gnu_Unwind_ForcedUnwind
                0x0011ab78       0x20 /opt/devkitpro/devkitARM/lib/gcc/arm-none-eabi/15.2.0/armv6k/fpu/libgcc.a(unwind-arm.o)
                0x0011ab78                __gnu_Unwind_ForcedUnwind
 .text.__gnu_Unwind_Resume
                0x0011ab98       0x74 /opt/devkitpro/devkitARM/lib/gcc/arm-none-eabi/15.2.0/armv6k/fpu/libgcc.a(unwind-arm.o)
                0x0011ab98                __gnu_Unwind_Resume
 .text.__gnu_Unwind_Resume_or_Rethrow
                0x0011ac0c       0x20 /opt/devkitpro/devkitARM/lib/gcc/arm-none-eabi/15.2.0/armv6k/fpu/libgcc.a(unwind-arm.o)
                0x0011ac0c                __gnu_Unwind_Resume_or_Rethrow
 .text._Unwind_Complete
                0x0011ac2c        0x4 /opt/devkitpro/devkitARM/lib/gcc/arm-none-eabi/15.2.0/armv6k/fpu/libgcc.a(unwind-arm.o)
                0x0011ac2c                _Unwind_Complete
 .text._Unwind_DeleteException
                0x0011ac30       0x18 /opt/devkitpro/devkitARM/lib/gcc/arm-none-eabi/15.2.0/armv6k/fpu/libgcc.a(unwind-arm.o)
                0x0011ac30                _Unwind_DeleteException
 .text._Unwind_VRS_Get
                0x0011ac48       0x64 /opt/devkitpro/devkitARM/lib/gcc/arm-none-eabi/15.2.0/armv6k/fpu/libgcc.a(unwind-arm.o)
                0x0011ac48                _Unwind_VRS_Get
 .text._Unwind_GetGR
                0x0011acac       0x2c /opt/devkitpro/devkitARM/lib/gcc/arm-none-eabi/15.2.0/armv6k/fpu/libgcc.a(unwind-arm.o)
 .text._Unwind_VRS_Set
                0x0011acd8       0x64 /opt/devkitpro/devkitARM/lib/gcc/arm-none-eabi/15.2.0/armv6k/fpu/libgcc.a(unwind-arm.o)
                0x0011acd8                _Unwind_VRS_Set
 .text._Unwind_SetGR
                0x0011ad3c       0x2c /opt/devkitpro/devkitARM/lib/gcc/arm-none-eabi/15.2.0/armv6k/fpu/libgcc.a(unwind-arm.o)
 .text.__gnu_Unwind_Backtrace
                0x0011ad68       0xc0 /opt/devkitpro/devkitARM/lib/gcc/arm-none-eabi/15.2.0/armv6k/fpu/libgcc.a(unwind-arm.o)
                0x0011ad68                __gnu_Unwind_Backtrace
 .text.__gnu_unwind_pr_common
                0x0011ae28      0x40c /opt/devkitpro/devkitARM/lib/gcc/arm-none-eabi/15.2.0/armv6k/fpu/libgcc.a(unwind-arm.o)
 .text.__aeabi_unwind_cpp_pr0
                0x0011b234        0x8 /opt/devkitpro/devkitARM/lib/gcc/arm-none-eabi/15.2.0/armv6k/fpu/libgcc.a(unwind-arm.o)
                0x0011b234                __aeabi_unwind_cpp_pr0
 .text.__aeabi_unwind_cpp_pr1
                0x0011b23c        0x8 /opt/devkitpro/devkitARM/lib/gcc/arm-none-eabi/15.2.0/armv6k/fpu/libgcc.a(unwind-arm.o)
                0x0011b23c                __aeabi_unwind_cpp_pr1
 .text.__aeabi_unwind_cpp_pr2
                0x0011b244        0x8 /opt/devkitpro/devkitARM/lib/gcc/arm-none-eabi/15.2.0/armv6k/fpu/libgcc.a(unwind-arm.o)
                0x0011b244                __aeabi_unwind_cpp_pr2
 .text._Unwind_VRS_Pop
                0x0011b24c      0x458 /opt/devkitpro/devkitARM/lib/gcc/arm-none-eabi/15.2.0/armv6k/fpu/libgcc.a(unwind-arm.o)
                0x0011b24c                _Unwind_VRS_Pop
 .text.next_unwind_byte
                0x0011b6a4       0x64 /opt/devkitpro/devkitARM/lib/gcc/arm-none-eabi/15.2.0/armv6k/fpu/libgcc.a(pr-support.o)
 .text._Unwind_GetGR.constprop.0
                0x0011b708       0x2c /opt/devkitpro/devkitARM/lib/gcc/arm-none-eabi/15.2.0/armv6k/fpu/libgcc.a(pr-support.o)
 .text.unwind_UCB_from_context
                0x0011b734        0x4 /opt/devkitpro/devkitARM/lib/gcc/arm-none-eabi/15.2.0/armv6k/fpu/libgcc.a(pr-support.o)
 .text.__gnu_unwind_execute
                0x0011b738      0x464 /opt/devkitpro/devkitARM/lib/gcc/arm-none-eabi/15.2.0/armv6k/fpu/libgcc.a(pr-support.o)
                0x0011b738                __gnu_unwind_execute
 .text.__gnu_unwind_frame
                0x0011bb9c       0x48 /opt/devkitpro/devkitARM/lib/gcc/arm-none-eabi/15.2.0/armv6k/fpu/libgcc.a(pr-support.o)
                0x0011bb9c                __gnu_unwind_frame
 .text._Unwind_GetRegionStart
                0x0011bbe4       0x10 /opt/devkitpro/devkitARM/lib/gcc/arm-none-eabi/15.2.0/armv6k/fpu/libgcc.a(pr-support.o)
                0x0011bbe4                _Unwind_GetRegionStart
 .text._Unwind_GetLanguageSpecificData
                0x0011bbf4       0x1c /opt/devkitpro/devkitARM/lib/gcc/arm-none-eabi/15.2.0/armv6k/fpu/libgcc.a(pr-support.o)
                0x0011bbf4                _Unwind_GetLanguageSpecificData
 .text.unlikely._Unwind_GetDataRelBase
                0x0011bc10        0x8 /opt/devkitpro/devkitARM/lib/gcc/arm-none-eabi/15.2.0/armv6k/fpu/libgcc.a(pr-support.o)
                0x0011bc10                _Unwind_GetDataRelBase
 .text.unlikely._Unwind_GetTextRelBase
                0x0011bc18        0x8 /opt/devkitpro/devkitARM/lib/gcc/arm-none-eabi/15.2.0/armv6k/fpu/libgcc.a(pr-support.o)
                0x0011bc18                _Unwind_GetTextRelBase
 .text.strncat  0x0011bc20       0xe4 /opt/devkitpro/devkitARM/lib/gcc/arm-none-eabi/15.2.0/../../../../arm-none-eabi/lib/armv6k/fpu/libg.a(libc_a-strncat.o)
                0x0011bc20                strncat
 .text.getenv   0x0011bd04       0x24 /opt/devkitpro/devkitARM/lib/gcc/arm-none-eabi/15.2.0/../../../../arm-none-eabi/lib/armv6k/fpu/libg.a(libc_a-getenv.o)
                0x0011bd04                getenv
 .text.memcpy   0x0011bd28      0x128 /opt/devkitpro/devkitARM/lib/gcc/arm-none-eabi/15.2.0/../../../../arm-none-eabi/lib/armv6k/fpu/libg.a(libc_a-memcpy-stub.o)
                0x0011bd28                memcpy
 .text.strlen   0x0011be50       0x8c /opt/devkitpro/devkitARM/lib/gcc/arm-none-eabi/15.2.0/../../../../arm-none-eabi/lib/armv6k/fpu/libg.a(libc_a-strlen.o)
                0x0011be50                strlen
 .text._fread_r
                0x0011bedc      0x334 /opt/devkitpro/devkitARM/lib/gcc/arm-none-eabi/15.2.0/../../../../arm-none-eabi/lib/armv6k/fpu/libg.a(libc_a-fread.o)
                0x0011bedc                _fread_r
 .text.fread    0x0011c210       0x38 /opt/devkitpro/devkitARM/lib/gcc/arm-none-eabi/15.2.0/../../../../arm-none-eabi/lib/armv6k/fpu/libg.a(libc_a-fread.o)
                0x0011c210                fread
 .text.bsearch  0x0011c248       0x78 /opt/devkitpro/devkitARM/lib/gcc/arm-none-eabi/15.2.0/../../../../arm-none-eabi/lib/armv6k/fpu/libg.a(libc_a-bsearch.o)
                0x0011c248                bsearch
 .text.fputc    0x0011c2c0       0xb8 /opt/devkitpro/devkitARM/lib/gcc/arm-none-eabi/15.2.0/../../../../arm-none-eabi/lib/armv6k/fpu/libg.a(libc_a-fputc.o)
                0x0011c2c0                fputc
 .text._fopen_r
                0x0011c378      0x134 /opt/devkitpro/devkitARM/lib/gcc/arm-none-eabi/15.2.0/../../../../arm-none-eabi/lib/armv6k/fpu/libg.a(libc_a-fopen.o)
                0x0011c378                _fopen_r
 .text.fopen    0x0011c4ac       0x28 /opt/devkitpro/devkitARM/lib/gcc/arm-none-eabi/15.2.0/../../../../arm-none-eabi/lib/armv6k/fpu/libg.a(libc_a-fopen.o)
                0x0011c4ac                fopen
 .text.memalign
                0x0011c4d4       0x28 /opt/devkitpro/devkitARM/lib/gcc/arm-none-eabi/15.2.0/../../../../arm-none-eabi/lib/armv6k/fpu/libg.a(libc_a-malign.o)
                0x0011c4d4                memalign
 .text.snprintf
                0x0011c4fc       0xa0 /opt/devkitpro/devkitARM/lib/gcc/arm-none-eabi/15.2.0/../../../../arm-none-eabi/lib/armv6k/fpu/libg.a(libc_a-snprintf.o)
                0x0011c4fc                snprintf
 .text._strtoul_l.isra.0
                0x0011c59c      0x1ec /opt/devkitpro/devkitARM/lib/gcc/arm-none-eabi/15.2.0/../../../../arm-none-eabi/lib/armv6k/fpu/libg.a(libc_a-strtoul.o)
 .text.strtoul  0x0011c788       0x3c /opt/devkitpro/devkitARM/lib/gcc/arm-none-eabi/15.2.0/../../../../arm-none-eabi/lib/armv6k/fpu/libg.a(libc_a-strtoul.o)
                0x0011c788                strtoul
 .text.strchr   0x0011c7c4      0x140 /opt/devkitpro/devkitARM/lib/gcc/arm-none-eabi/15.2.0/../../../../arm-none-eabi/lib/armv6k/fpu/libg.a(libc_a-strchr.o)
                0x0011c7c4                strchr
 .text.memcmp   0x0011c904       0xd8 /opt/devkitpro/devkitARM/lib/gcc/arm-none-eabi/15.2.0/../../../../arm-none-eabi/lib/armv6k/fpu/libg.a(libc_a-memcmp.o)
                0x0011c904                memcmp
 .text._memalign_r
                0x0011c9dc      0x16c /opt/devkitpro/devkitARM/lib/gcc/arm-none-eabi/15.2.0/../../../../arm-none-eabi/lib/armv6k/fpu/libg.a(libc_a-malignr.o)
                0x0011c9dc                _memalign_r
 .text.__errno  0x0011cb48        0xc /opt/devkitpro/devkitARM/lib/gcc/arm-none-eabi/15.2.0/../../../../arm-none-eabi/lib/armv6k/fpu/libg.a(libc_a-errno.o)
                0x0011cb48                __errno
 .text.abort    0x0011cb54       0x14 /opt/devkitpro/devkitARM/lib/gcc/arm-none-eabi/15.2.0/../../../../arm-none-eabi/lib/armv6k/fpu/libg.a(libc_a-abort.o)
                0x0011cb54                abort
 .text.__smakebuf_r
                0x0011cb68      0x164 /opt/devkitpro/devkitARM/lib/gcc/arm-none-eabi/15.2.0/../../../../arm-none-eabi/lib/armv6k/fpu/libg.a(libc_a-makebuf.o)
                0x0011cb68                __smakebuf_r
 .text.memset   0x0011cccc       0xe4 /opt/devkitpro/devkitARM/lib/gcc/arm-none-eabi/15.2.0/../../../../arm-none-eabi/lib/armv6k/fpu/libg.a(libc_a-memset.o)
                0x0011cccc                memset
 .text.__sflush_r
                0x0011cdb0      0x22c /opt/devkitpro/devkitARM/lib/gcc/arm-none-eabi/15.2.0/../../../../arm-none-eabi/lib/armv6k/fpu/libg.a(libc_a-fflush.o)
                0x0011cdb0                __sflush_r
 .text._fflush_r
                0x0011cfdc       0xc4 /opt/devkitpro/devkitARM/lib/gcc/arm-none-eabi/15.2.0/../../../../arm-none-eabi/lib/armv6k/fpu/libg.a(libc_a-fflush.o)
                0x0011cfdc                _fflush_r
 .text._fwrite_r
                0x0011d0a0      0x104 /opt/devkitpro/devkitARM/lib/gcc/arm-none-eabi/15.2.0/../../../../arm-none-eabi/lib/armv6k/fpu/libg.a(libc_a-fwrite.o)
                0x0011d0a0                _fwrite_r
 .text.fwrite   0x0011d1a4       0x38 /opt/devkitpro/devkitARM/lib/gcc/arm-none-eabi/15.2.0/../../../../arm-none-eabi/lib/armv6k/fpu/libg.a(libc_a-fwrite.o)
                0x0011d1a4                fwrite
 .text._putc_r  0x0011d1dc       0xfc /opt/devkitpro/devkitARM/lib/gcc/arm-none-eabi/15.2.0/../../../../arm-none-eabi/lib/armv6k/fpu/libg.a(libc_a-putc.o)
                0x0011d1dc                _putc_r
 .text._malloc_r
                0x0011d2d8      0x82c /opt/devkitpro/devkitARM/lib/gcc/arm-none-eabi/15.2.0/../../../../arm-none-eabi/lib/armv6k/fpu/libg.a(libc_a-mallocr.o)
                0x0011d2d8                _malloc_r
 .text.__swbuf_r
                0x0011db04      0x124 /opt/devkitpro/devkitARM/lib/gcc/arm-none-eabi/15.2.0/../../../../arm-none-eabi/lib/armv6k/fpu/libg.a(libc_a-wbuf.o)
                0x0011db04                __swbuf_r
 .text._malloc_trim_r
                0x0011dc28      0x114 /opt/devkitpro/devkitARM/lib/gcc/arm-none-eabi/15.2.0/../../../../arm-none-eabi/lib/armv6k/fpu/libg.a(libc_a-freer.o)
                0x0011dc28                _malloc_trim_r
 .text._free_r  0x0011dd3c      0x314 /opt/devkitpro/devkitARM/lib/gcc/arm-none-eabi/15.2.0/../../../../arm-none-eabi/lib/armv6k/fpu/libg.a(libc_a-freer.o)
                0x0011dd3c                _free_r
 .text.stdio_exit_handler
                0x0011e050       0x1c /opt/devkitpro/devkitARM/lib/gcc/arm-none-eabi/15.2.0/../../../../arm-none-eabi/lib/armv6k/fpu/libg.a(libc_a-findfp.o)
 .text.cleanup_stdio
                0x0011e06c       0x5c /opt/devkitpro/devkitARM/lib/gcc/arm-none-eabi/15.2.0/../../../../arm-none-eabi/lib/armv6k/fpu/libg.a(libc_a-findfp.o)
 .text.global_stdio_init.part.0
                0x0011e0c8      0x154 /opt/devkitpro/devkitARM/lib/gcc/arm-none-eabi/15.2.0/../../../../arm-none-eabi/lib/armv6k/fpu/libg.a(libc_a-findfp.o)
 .text.__sfp    0x0011e21c      0x138 /opt/devkitpro/devkitARM/lib/gcc/arm-none-eabi/15.2.0/../../../../arm-none-eabi/lib/armv6k/fpu/libg.a(libc_a-findfp.o)
                0x0011e21c                __sfp
 .text.__sinit  0x0011e354       0x5c /opt/devkitpro/devkitARM/lib/gcc/arm-none-eabi/15.2.0/../../../../arm-none-eabi/lib/armv6k/fpu/libg.a(libc_a-findfp.o)
                0x0011e354                __sinit
 .text.__sfp_lock_acquire
                0x0011e3b0        0xc /opt/devkitpro/devkitARM/lib/gcc/arm-none-eabi/15.2.0/../../../../arm-none-eabi/lib/armv6k/fpu/libg.a(libc_a-findfp.o)
                0x0011e3b0                __sfp_lock_acquire
 .text.__sfp_lock_release
                0x0011e3bc        0xc /opt/devkitpro/devkitARM/lib/gcc/arm-none-eabi/15.2.0/../../../../arm-none-eabi/lib/armv6k/fpu/libg.a(libc_a-findfp.o)
                0x0011e3bc                __sfp_lock_release
 .text.__libc_init_array
                0x0011e3c8       0x84 /opt/devkitpro/devkitARM/lib/gcc/arm-none-eabi/15.2.0/../../../../arm-none-eabi/lib/armv6k/fpu/libg.a(libc_a-init.o)
                0x0011e3c8                __libc_init_array
 .text.strncpy  0x0011e44c       0xd4 /opt/devkitpro/devkitARM/lib/gcc/arm-none-eabi/15.2.0/../../../../arm-none-eabi/lib/armv6k/fpu/libg.a(libc_a-strncpy.o)
                0x0011e44c                strncpy
 .text._fseek_r
                0x0011e520       0x1c /opt/devkitpro/devkitARM/lib/gcc/arm-none-eabi/15.2.0/../../../../arm-none-eabi/lib/armv6k/fpu/libg.a(libc_a-fseek.o)
                0x0011e520                _fseek_r
 .text.fseek    0x0011e53c       0x34 /opt/devkitpro/devkitARM/lib/gcc/arm-none-eabi/15.2.0/../../../../arm-none-eabi/lib/armv6k/fpu/libg.a(libc_a-fseek.o)
                0x0011e53c                fseek
 .text.malloc   0x0011e570       0x40 /opt/devkitpro/devkitARM/lib/gcc/arm-none-eabi/15.2.0/../../../../arm-none-eabi/lib/armv6k/fpu/libg.a(libc_a-malloc.o)
                0x0011e570                malloc
 .text.free     0x0011e5b0       0x20 /opt/devkitpro/devkitARM/lib/gcc/arm-none-eabi/15.2.0/../../../../arm-none-eabi/lib/armv6k/fpu/libg.a(libc_a-malloc.o)
                0x0011e5b0                free
 .text.memchr   0x0011e5d0       0xe8 /opt/devkitpro/devkitARM/lib/gcc/arm-none-eabi/15.2.0/../../../../arm-none-eabi/lib/armv6k/fpu/libg.a(libc_a-memchr-stub.o)
                0x0011e5d0                memchr
 .text.__swsetup_r
                0x0011e6b8      0x140 /opt/devkitpro/devkitARM/lib/gcc/arm-none-eabi/15.2.0/../../../../arm-none-eabi/lib/armv6k/fpu/libg.a(libc_a-wsetup.o)
                0x0011e6b8                __swsetup_r
 .text._findenv_r
                0x0011e7f8       0xdc /opt/devkitpro/devkitARM/lib/gcc/arm-none-eabi/15.2.0/../../../../arm-none-eabi/lib/armv6k/fpu/libg.a(libc_a-getenv_r.o)
                0x0011e7f8                _findenv_r
 .text.__sread  0x0011e8d4       0x44 /opt/devkitpro/devkitARM/lib/gcc/arm-none-eabi/15.2.0/../../../../arm-none-eabi/lib/armv6k/fpu/libg.a(libc_a-stdio.o)
                0x0011e8d4                __sread
 .text.__swrite
                0x0011e918       0x68 /opt/devkitpro/devkitARM/lib/gcc/arm-none-eabi/15.2.0/../../../../arm-none-eabi/lib/armv6k/fpu/libg.a(libc_a-stdio.o)
                0x0011e918                __swrite
 .text.__sseek  0x0011e980       0x40 /opt/devkitpro/devkitARM/lib/gcc/arm-none-eabi/15.2.0/../../../../arm-none-eabi/lib/armv6k/fpu/libg.a(libc_a-stdio.o)
                0x0011e980                __sseek
 .text.__sclose
                0x0011e9c0        0x8 /opt/devkitpro/devkitARM/lib/gcc/arm-none-eabi/15.2.0/../../../../arm-none-eabi/lib/armv6k/fpu/libg.a(libc_a-stdio.o)
                0x0011e9c0                __sclose
 .text.memmove  0x0011e9c8      0x1a8 /opt/devkitpro/devkitARM/lib/gcc/arm-none-eabi/15.2.0/../../../../arm-none-eabi/lib/armv6k/fpu/libg.a(libc_a-memmove.o)
                0x0011e9c8                memmove
 .text.__malloc_lock
                0x0011eb70        0xc /opt/devkitpro/devkitARM/lib/gcc/arm-none-eabi/15.2.0/../../../../arm-none-eabi/lib/armv6k/fpu/libg.a(libc_a-mlock.o)
                0x0011eb70                __malloc_lock
 .text.__malloc_unlock
                0x0011eb7c        0xc /opt/devkitpro/devkitARM/lib/gcc/arm-none-eabi/15.2.0/../../../../arm-none-eabi/lib/armv6k/fpu/libg.a(libc_a-mlock.o)
                0x0011eb7c                __malloc_unlock
 .text._fseeko_r
                0x0011eb88      0x588 /opt/devkitpro/devkitARM/lib/gcc/arm-none-eabi/15.2.0/../../../../arm-none-eabi/lib/armv6k/fpu/libg.a(libc_a-fseeko.o)
                0x0011eb88                _fseeko_r
 .text._fclose_r
                0x0011f110      0x148 /opt/devkitpro/devkitARM/lib/gcc/arm-none-eabi/15.2.0/../../../../arm-none-eabi/lib/armv6k/fpu/libg.a(libc_a-fclose.o)
                0x0011f110                _fclose_r
 .text.fclose   0x0011f258       0x20 /opt/devkitpro/devkitARM/lib/gcc/arm-none-eabi/15.2.0/../../../../arm-none-eabi/lib/armv6k/fpu/libg.a(libc_a-fclose.o)
                0x0011f258                fclose
 .text.fprintf  0x0011f278       0x3c /opt/devkitpro/devkitARM/lib/gcc/arm-none-eabi/15.2.0/../../../../arm-none-eabi/lib/armv6k/fpu/libg.a(libc_a-fprintf.o)
                0x0011f278                fprintf
 .text.__call_exitprocs
                0x0011f2b4        0x4 /opt/devkitpro/devkitARM/lib/gcc/arm-none-eabi/15.2.0/../../../../arm-none-eabi/lib/armv6k/fpu/libg.a(libc_a-exit.o)
                0x0011f2b4                __call_exitprocs
 .text.exit     0x0011f2b8       0x30 /opt/devkitpro/devkitARM/lib/gcc/arm-none-eabi/15.2.0/../../../../arm-none-eabi/lib/armv6k/fpu/libg.a(libc_a-exit.o)
                0x0011f2b8                exit
 .text.get_arg  0x0011f2e8      0x5e0 /opt/devkitpro/devkitARM/lib/gcc/arm-none-eabi/15.2.0/../../../../arm-none-eabi/lib/armv6k/fpu/libg.a(libc_a-svfprintf.o)
 .text._svfprintf_r
                0x0011f8c8     0x345c /opt/devkitpro/devkitARM/lib/gcc/arm-none-eabi/15.2.0/../../../../arm-none-eabi/lib/armv6k/fpu/libg.a(libc_a-svfprintf.o)
                0x0011f8c8                _svfprintf_r
 .text.__sflags
                0x00122d24       0xb8 /opt/devkitpro/devkitARM/lib/gcc/arm-none-eabi/15.2.0/../../../../arm-none-eabi/lib/armv6k/fpu/libg.a(libc_a-flags.o)
                0x00122d24                __sflags
 .text.__libc_fini_array
                0x00122ddc       0x3c /opt/devkitpro/devkitARM/lib/gcc/arm-none-eabi/15.2.0/../../../../arm-none-eabi/lib/armv6k/fpu/libg.a(libc_a-fini.o)
                0x00122ddc                __libc_fini_array
 .text.strnlen  0x00122e18       0x3c /opt/devkitpro/devkitARM/lib/gcc/arm-none-eabi/15.2.0/../../../../arm-none-eabi/lib/armv6k/fpu/libg.a(libc_a-strnlen.o)
                0x00122e18                strnlen
 .text.rewind   0x00122e54       0x2c /opt/devkitpro/devkitARM/lib/gcc/arm-none-eabi/15.2.0/../../../../arm-none-eabi/lib/armv6k/fpu/libg.a(libc_a-rewind.o)
                0x00122e54                rewind
 .text.strncmp  0x00122e80       0xd8 /opt/devkitpro/devkitARM/lib/gcc/arm-none-eabi/15.2.0/../../../../arm-none-eabi/lib/armv6k/fpu/libg.a(libc_a-strncmp.o)
                0x00122e80                strncmp
 .text.lflush   0x00122f58       0x38 /opt/devkitpro/devkitARM/lib/gcc/arm-none-eabi/15.2.0/../../../../arm-none-eabi/lib/armv6k/fpu/libg.a(libc_a-refill.o)
 .text.__srefill_r
                0x00122f90      0x1a8 /opt/devkitpro/devkitARM/lib/gcc/arm-none-eabi/15.2.0/../../../../arm-none-eabi/lib/armv6k/fpu/libg.a(libc_a-refill.o)
                0x00122f90                __srefill_r
 .text.frexp    0x00123138       0x88 /opt/devkitpro/devkitARM/lib/gcc/arm-none-eabi/15.2.0/../../../../arm-none-eabi/lib/armv6k/fpu/libg.a(libm_a-s_frexp.o)
                0x00123138                frexp
 .text.__env_lock
                0x001231c0        0xc /opt/devkitpro/devkitARM/lib/gcc/arm-none-eabi/15.2.0/../../../../arm-none-eabi/lib/armv6k/fpu/libg.a(libc_a-envlock.o)
                0x001231c0                __env_lock
 .text.__env_unlock
                0x001231cc        0xc /opt/devkitpro/devkitARM/lib/gcc/arm-none-eabi/15.2.0/../../../../arm-none-eabi/lib/armv6k/fpu/libg.a(libc_a-envlock.o)
                0x001231cc                __env_unlock
 .text._fwalk_sglue
                0x001231d8       0x70 /opt/devkitpro/devkitARM/lib/gcc/arm-none-eabi/15.2.0/../../../../arm-none-eabi/lib/armv6k/fpu/libg.a(libc_a-fwalk.o)
                0x001231d8                _fwalk_sglue
 .text.get_arg  0x00123248      0x5e0 /opt/devkitpro/devkitARM/lib/gcc/arm-none-eabi/15.2.0/../../../../arm-none-eabi/lib/armv6k/fpu/libg.a(libc_a-vfprintf.o)
 .text._vfprintf_r
                0x00123828     0x3554 /opt/devkitpro/devkitARM/lib/gcc/arm-none-eabi/15.2.0/../../../../arm-none-eabi/lib/armv6k/fpu/libg.a(libc_a-vfprintf.o)
                0x00123828                _vfprintf_r
 .text.__sbprintf
                0x00126d7c       0xb4 /opt/devkitpro/devkitARM/lib/gcc/arm-none-eabi/15.2.0/../../../../arm-none-eabi/lib/armv6k/fpu/libg.a(libc_a-vfprintf.o)
 .text._wcrtomb_r
                0x00126e30       0xa0 /opt/devkitpro/devkitARM/lib/gcc/arm-none-eabi/15.2.0/../../../../arm-none-eabi/lib/armv6k/fpu/libg.a(libc_a-wcrtomb.o)
                0x00126e30                _wcrtomb_r
 .text.__ssprint_r
                0x00126ed0       0xa4 /opt/devkitpro/devkitARM/lib/gcc/arm-none-eabi/15.2.0/../../../../arm-none-eabi/lib/armv6k/fpu/libg.a(libc_a-ssprint_r.o)
                0x00126ed0                __ssprint_r
 .text.__sfvwrite_r
                0x00126f74      0x4a4 /opt/devkitpro/devkitARM/lib/gcc/arm-none-eabi/15.2.0/../../../../arm-none-eabi/lib/armv6k/fpu/libg.a(libc_a-fvwrite.o)
                0x00126f74                __sfvwrite_r
 .text._raise_r